Archive member included because of file (symbol)

c:/devkitPro/libnds/lib\libnds9.a(console.o)
                              template.o (consoleDemoInit)
c:/devkitPro/libnds/lib\libnds9.a(initSystem.o)
                              c:/devkitpro/devkitarm/bin/../lib/gcc/arm-eabi/4.1.2/../../../../arm-eabi/lib/thumb/ds_arm9_crt0.o (initSystem)
c:/devkitPro/libnds/lib\libnds9.a(touch.o)
                              template.o (touchReadXY)
c:/devkitPro/libnds/lib\libnds9.a(video.o)
                              c:/devkitPro/libnds/lib\libnds9.a(console.o) (vramSetBankC)
c:/devkitPro/libnds/lib\libnds9.a(interrupts.o)
                              template.o (irqInit)
c:/devkitPro/libnds/lib\libnds9.a(biosCalls.o)
                              template.o (swiWaitForVBlank)
c:/devkitPro/libnds/lib\libnds9.a(interruptDispatcher.o)
                              c:/devkitPro/libnds/lib\libnds9.a(interrupts.o) (IntrMain)
c:/devkitPro/libnds/lib\libnds9.a(default_font.o)
                              c:/devkitPro/libnds/lib\libnds9.a(console.o) (default_font_bin)
c:/devkitpro/devkitarm/bin/../lib/gcc/arm-eabi/4.1.2/../../../../arm-eabi/lib/thumb\libg.a(lib_a-impure.o)
                              c:/devkitPro/libnds/lib\libnds9.a(console.o) (_impure_ptr)
c:/devkitpro/devkitarm/bin/../lib/gcc/arm-eabi/4.1.2/../../../../arm-eabi/lib/thumb\libg.a(lib_a-init.o)
                              c:/devkitpro/devkitarm/bin/../lib/gcc/arm-eabi/4.1.2/../../../../arm-eabi/lib/thumb/ds_arm9_crt0.o (__libc_init_array)
c:/devkitpro/devkitarm/bin/../lib/gcc/arm-eabi/4.1.2/../../../../arm-eabi/lib/thumb\libg.a(lib_a-iprintf.o)
                              template.o (iprintf)
c:/devkitpro/devkitarm/bin/../lib/gcc/arm-eabi/4.1.2/../../../../arm-eabi/lib/thumb\libg.a(lib_a-setvbuf.o)
                              c:/devkitPro/libnds/lib\libnds9.a(console.o) (setvbuf)
c:/devkitpro/devkitarm/bin/../lib/gcc/arm-eabi/4.1.2/../../../../arm-eabi/lib/thumb\libg.a(lib_a-siscanf.o)
                              c:/devkitPro/libnds/lib\libnds9.a(console.o) (siscanf)
c:/devkitpro/devkitarm/bin/../lib/gcc/arm-eabi/4.1.2/../../../../arm-eabi/lib/thumb\libg.a(lib_a-strlen.o)
                              c:/devkitpro/devkitarm/bin/../lib/gcc/arm-eabi/4.1.2/../../../../arm-eabi/lib/thumb\libg.a(lib_a-siscanf.o) (strlen)
c:/devkitpro/devkitarm/bin/../lib/gcc/arm-eabi/4.1.2/../../../../arm-eabi/lib/thumb\libg.a(lib_a-vfiprintf.o)
                              c:/devkitpro/devkitarm/bin/../lib/gcc/arm-eabi/4.1.2/../../../../arm-eabi/lib/thumb\libg.a(lib_a-iprintf.o) (_vfiprintf_r)
c:/devkitpro/devkitarm/bin/../lib/gcc/arm-eabi/4.1.2/../../../../arm-eabi/lib/thumb\libg.a(lib_a-vfiscanf.o)
                              c:/devkitpro/devkitarm/bin/../lib/gcc/arm-eabi/4.1.2/../../../../arm-eabi/lib/thumb\libg.a(lib_a-siscanf.o) (__svfiscanf_r)
c:/devkitpro/devkitarm/bin/../lib/gcc/arm-eabi/4.1.2/../../../../arm-eabi/lib/thumb\libg.a(lib_a-wcrtomb.o)
                              c:/devkitpro/devkitarm/bin/../lib/gcc/arm-eabi/4.1.2/../../../../arm-eabi/lib/thumb\libg.a(lib_a-vfiprintf.o) (_wcrtomb_r)
c:/devkitpro/devkitarm/bin/../lib/gcc/arm-eabi/4.1.2/../../../../arm-eabi/lib/thumb\libg.a(lib_a-wcsrtombs.o)
                              c:/devkitpro/devkitarm/bin/../lib/gcc/arm-eabi/4.1.2/../../../../arm-eabi/lib/thumb\libg.a(lib_a-vfiprintf.o) (_wcsrtombs_r)
c:/devkitpro/devkitarm/bin/../lib/gcc/arm-eabi/4.1.2/../../../../arm-eabi/lib/thumb\libg.a(lib_a-wctomb_r.o)
                              c:/devkitpro/devkitarm/bin/../lib/gcc/arm-eabi/4.1.2/../../../../arm-eabi/lib/thumb\libg.a(lib_a-wcrtomb.o) (_wctomb_r)
c:/devkitpro/devkitarm/bin/../lib/gcc/arm-eabi/4.1.2/../../../../arm-eabi/lib/thumb\libg.a(lib_a-wsetup.o)
                              c:/devkitpro/devkitarm/bin/../lib/gcc/arm-eabi/4.1.2/../../../../arm-eabi/lib/thumb\libg.a(lib_a-vfiprintf.o) (__swsetup)
c:/devkitpro/devkitarm/bin/../lib/gcc/arm-eabi/4.1.2/../../../../arm-eabi/lib/thumb\libg.a(lib_a-ctype_.o)
                              c:/devkitpro/devkitarm/bin/../lib/gcc/arm-eabi/4.1.2/../../../../arm-eabi/lib/thumb\libg.a(lib_a-vfiscanf.o) (__ctype_ptr)
c:/devkitpro/devkitarm/bin/../lib/gcc/arm-eabi/4.1.2/../../../../arm-eabi/lib/thumb\libg.a(lib_a-fflush.o)
                              c:/devkitpro/devkitarm/bin/../lib/gcc/arm-eabi/4.1.2/../../../../arm-eabi/lib/thumb\libg.a(lib_a-setvbuf.o) (fflush)
c:/devkitpro/devkitarm/bin/../lib/gcc/arm-eabi/4.1.2/../../../../arm-eabi/lib/thumb\libg.a(lib_a-findfp.o)
                              c:/devkitpro/devkitarm/bin/../lib/gcc/arm-eabi/4.1.2/../../../../arm-eabi/lib/thumb\libg.a(lib_a-setvbuf.o) (__sinit)
c:/devkitpro/devkitarm/bin/../lib/gcc/arm-eabi/4.1.2/../../../../arm-eabi/lib/thumb\libg.a(lib_a-fread.o)
                              c:/devkitpro/devkitarm/bin/../lib/gcc/arm-eabi/4.1.2/../../../../arm-eabi/lib/thumb\libg.a(lib_a-vfiscanf.o) (fread)
[...]
Memory Configuration

Name             Origin             Length             Attributes
rom              0x08000000         0x02000000
ewram            0x02000000         0x003ff000
dtcm             0x0b000000         0x00004000
itcm             0x01000000         0x00008000
*default*        0x00000000         0xffffffff

Linker script and memory map

                0x01000000                __itcm_start = 0x1000000
                0x023ff000                __ewram_end = 0x23ff000
                0x023ff000                __eheap_end = 0x23ff000
                0x0b000000                __dtcm_start = 0xb000000
                0x0b004000                __dtcm_top = 0xb004000
                0x0b003ff8                __irq_flags = (__dtcm_top - 0x8)
                0x0b003ffc                __irq_vector = (__dtcm_top - 0x4)
                0x0b003f00                __sp_svc = (__dtcm_top - 0x100)
                0x0b003e00                __sp_irq = (__sp_svc - 0x100)
                0x0b003d00                __sp_usr = (__sp_irq - 0x100)

.init           0x02000000      0x2dc
                0x02000000                __text_start = .
 *(.init)
 .init          0x02000000      0x2d0 c:/devkitpro/devkitarm/bin/../lib/gcc/arm-eabi/4.1.2/../../../../arm-eabi/lib/thumb/ds_arm9_crt0.o
                0x02000000                _start
 .init          0x020002d0        0x4 c:/devkitpro/devkitarm/bin/../lib/gcc/arm-eabi/4.1.2/thumb/crti.o
                0x020002d0                _init
 .init          0x020002d4        0x8 c:/devkitpro/devkitarm/bin/../lib/gcc/arm-eabi/4.1.2/thumb/crtn.o
                0x020002dc                . = ALIGN (0x4)

.plt
 *(.plt)

.text           0x020002e0     0x4dc4
 *(EXCLUDE_FILE(*.itcm*) .text)
 .text          0x020002e0        0x0 c:/devkitpro/devkitarm/bin/../lib/gcc/arm-eabi/4.1.2/../../../../arm-eabi/lib/thumb/ds_arm9_crt0.o
 .text          0x020002e0        0x0 c:/devkitpro/devkitarm/bin/../lib/gcc/arm-eabi/4.1.2/thumb/crti.o
 .text          0x020002e0       0x70 c:/devkitpro/devkitarm/bin/../lib/gcc/arm-eabi/4.1.2/thumb/crtbegin.o
 .text          0x02000350       0x4c template.o
                0x02000350                main
 .text          0x0200039c      0x580 c:/devkitPro/libnds/lib\libnds9.a(console.o)
                0x02000718                con_write
                0x02000548                consoleInit
                0x02000404                consolePrintChar
                0x02000534                consoleClear
                0x020006d0                consoleDemoInit
                0x020006ac                consoleInitDefault
 .text          0x0200091c      0x158 c:/devkitPro/libnds/lib\libnds9.a(initSystem.o)
                0x0200091c                initSystem
 .text          0x02000a74       0x1c c:/devkitPro/libnds/lib\libnds9.a(touch.o)
                0x02000a74                touchReadXY
 .text          0x02000a90      0x110 c:/devkitPro/libnds/lib\libnds9.a(video.o)
                0x02000b50                vramSetBankF
                0x02000ae0                vramRestoreMainBanks
                0x02000b78                vramSetBankH
                0x02000b28                vramSetBankD
                0x02000b3c                vramSetBankE
                0x02000b64                vramSetBankG
                0x02000ad4                vramRestorMainBanks
                0x02000b00                vramSetBankB
                0x02000b14                vramSetBankC
                0x02000b8c                vramSetBankI
                0x02000a90                vramSetMainBanks
                0x02000aec                vramSetBankA
 .text          0x02000ba0      0x208 c:/devkitPro/libnds/lib\libnds9.a(interrupts.o)
                0x02000d08                irqEnable
                0x02000ba4                irqSet
                0x02000d5c                irqDisable
                0x02000c0c                irqInit
                0x02000ba0                irqDummy
                0x02000cd8                irqInitHandler
                0x02000c58                irqClear
 *fill*         0x02000da8        0x8 ff
 .text          0x02000db0       0x70 c:/devkitPro/libnds/lib\libnds9.a(biosCalls.o)
                0x02000dc0                swiSleep
                0x02000dfa                swiDecompressLZSSVram
                0x02000de2                swiFastCopy
                0x02000de6                swiSqrt
                0x02000db0                swiSoftReset
                0x02000dea                swiCRC16
                0x02000dfe                swiDecompressHuffman
                0x02000e16                swiSetHaltCR
                0x02000dcc                swiRemainder
                0x02000df2                swiUnpackBits
                0x02000df6                swiDecompressLZSSWram
                0x02000e12                swiDecodeDelta16
                0x02000db4                swiDelay
                0x02000dd2                swiDivMod
                0x02000e06                swiDecompressRLEVram
                0x02000e02                swiDecompressRLEWram
                0x02000e0e                swiDecodeDelta8
                0x02000dc8                swiDivide
                0x02000dc4                swiChangeSoundBias
                0x02000dbc                swiWaitForVBlank
                0x02000db8                swiIntrWait
                0x02000dee                swiIsDebugger
                0x02000e0a                swiWaitForIRQ
                0x02000dde                swiCopy
 .text          0x02000e20        0x0 c:/devkitPro/libnds/lib\libnds9.a(interruptDispatcher.o)
 .text          0x02000e20        0x0 c:/devkitPro/libnds/lib\libnds9.a(default_font.o)
 .text          0x02000e20        0x0 c:/devkitpro/devkitarm/bin/../lib/gcc/arm-eabi/4.1.2/../../../../arm-eabi/lib/thumb\libg.a(lib_a-impure.o)
 .text          0x02000e20       0x88 c:/devkitpro/devkitarm/bin/../lib/gcc/arm-eabi/4.1.2/../../../../arm-eabi/lib/thumb\libg.a(lib_a-init.o)
                0x02000e50                __libc_init_array
                0x02000e20                __libc_fini_array
 .text          0x02000ea8       0x40 c:/devkitpro/devkitarm/bin/../lib/gcc/arm-eabi/4.1.2/../../../../arm-eabi/lib/thumb\libg.a(lib_a-iprintf.o)
                0x02000ea8                _iprintf_r
                0x02000ec4                iprintf
 .text          0x02000ee8      0x108 c:/devkitpro/devkitarm/bin/../lib/gcc/arm-eabi/4.1.2/../../../../arm-eabi/lib/thumb\libg.a(lib_a-setvbuf.o)
                0x02000ee8                setvbuf
 .text          0x02000ff0       0xac c:/devkitpro/devkitarm/bin/../lib/gcc/arm-eabi/4.1.2/../../../../arm-eabi/lib/thumb\libg.a(lib_a-siscanf.o)
                0x02000ff4                _siscanf_r
                0x0200104c                siscanf
 .text          0x0200109c       0x50 c:/devkitpro/devkitarm/bin/../lib/gcc/arm-eabi/4.1.2/../../../../arm-eabi/lib/thumb\libg.a(lib_a-strlen.o)
                0x0200109c                strlen
 .text          0x020010ec      0xcfc c:/devkitpro/devkitarm/bin/../lib/gcc/arm-eabi/4.1.2/../../../../arm-eabi/lib/thumb\libg.a(lib_a-vfiprintf.o)
                0x02001dc4                vfiprintf
                0x0200110c                _vfiprintf_r
 .text          0x02001de8      0x998 c:/devkitpro/devkitarm/bin/../lib/gcc/arm-eabi/4.1.2/../../../../arm-eabi/lib/thumb\libg.a(lib_a-vfiscanf.o)
                0x02002714                _vfiscanf_r
                0x02002744                vfiscanf
                0x02001de8                __svfiscanf_r
                0x020026f0                __svfiscanf
 .text          0x02002780       0x58 c:/devkitpro/devkitarm/bin/../lib/gcc/arm-eabi/4.1.2/../../../../arm-eabi/lib/thumb\libg.a(lib_a-wcrtomb.o)
                0x02002780                _wcrtomb_r
                0x020027b4                wcrtomb
 .text          0x020027d8      0x104 c:/devkitpro/devkitarm/bin/../lib/gcc/arm-eabi/4.1.2/../../../../arm-eabi/lib/thumb\libg.a(lib_a-wcsrtombs.o)
                0x020027d8                _wcsrtombs_r
                0x020028b4                wcsrtombs
 .text          0x020028dc      0x2c8 c:/devkitpro/devkitarm/bin/../lib/gcc/arm-eabi/4.1.2/../../../../arm-eabi/lib/thumb\libg.a(lib_a-wctomb_r.o)
                0x020028dc                _wctomb_r
 .text          0x02002ba4       0xb0 c:/devkitpro/devkitarm/bin/../lib/gcc/arm-eabi/4.1.2/../../../../arm-eabi/lib/thumb\libg.a(lib_a-wsetup.o)
                0x02002ba4                __swsetup
 .text          0x02002c54        0x0 c:/devkitpro/devkitarm/bin/../lib/gcc/arm-eabi/4.1.2/../../../../arm-eabi/lib/thumb\libg.a(lib_a-ctype_.o)
 .text          0x02002c54      0x10c c:/devkitpro/devkitarm/bin/../lib/gcc/arm-eabi/4.1.2/../../../../arm-eabi/lib/thumb\libg.a(lib_a-fflush.o)
                0x02002c54                fflush
 .text          0x02002d60      0x1cc c:/devkitpro/devkitarm/bin/../lib/gcc/arm-eabi/4.1.2/../../../../arm-eabi/lib/thumb\libg.a(lib_a-findfp.o)
                0x02002da8                __sinit
                0x02002e70                __sfmoreglue
                0x02002e58                _cleanup
                0x02002e44                _cleanup_r
                0x02002e28                __fp_lock_all
                0x02002d98                __sfp_lock_acquire
                0x02002ea8                __sfp
                0x02002da4                __sinit_lock_release
                0x02002e0c                __fp_unlock_all
                0x02002d9c                __sfp_lock_release
                0x02002da0                __sinit_lock_acquire
 .text          0x02002f2c      0x170 c:/devkitpro/devkitarm/bin/../lib/gcc/arm-eabi/4.1.2/../../../../arm-eabi/lib/thumb\libg.a(lib_a-fread.o)
                0x02003074                fread
                0x02002f2c                _fread_r
 .text          0x0200309c      0x270 c:/devkitpro/devkitarm/bin/../lib/gcc/arm-eabi/4.1.2/../../../../arm-eabi/lib/thumb\libg.a(lib_a-freer.o)
                0x02003140                _free_r
                0x0200309c                _malloc_trim_r
 .text          0x0200330c      0x2bc c:/devkitpro/devkitarm/bin/../lib/gcc/arm-eabi/4.1.2/../../../../arm-eabi/lib/thumb\libg.a(lib_a-fvwrite.o)
                0x0200330c                __sfvwrite_r
 .text          0x020035c8       0xd4 c:/devkitpro/devkitarm/bin/../lib/gcc/arm-eabi/4.1.2/../../../../arm-eabi/lib/thumb\libg.a(lib_a-fwalk.o)
                0x02003634                _fwalk
                0x020035c8                _fwalk_reent
 .text          0x0200369c       0x20 c:/devkitpro/devkitarm/bin/../lib/gcc/arm-eabi/4.1.2/../../../../arm-eabi/lib/thumb\libg.a(lib_a-iswspace.o)
                0x0200369c                iswspace
 .text          0x020036bc       0x90 c:/devkitpro/devkitarm/bin/../lib/gcc/arm-eabi/4.1.2/../../../../arm-eabi/lib/thumb\libg.a(lib_a-locale.o)
                0x020036e8                _setlocale_r
                0x020036bc                __locale_charset
                0x020036c8                _localeconv_r
                0x02003730                setlocale
                0x020036d0                localeconv
 .text          0x0200374c       0xe4 c:/devkitpro/devkitarm/bin/../lib/gcc/arm-eabi/4.1.2/../../../../arm-eabi/lib/thumb\libg.a(lib_a-makebuf.o)
                0x0200374c                __smakebuf
 .text          0x02003830       0x30 c:/devkitpro/devkitarm/bin/../lib/gcc/arm-eabi/4.1.2/../../../../arm-eabi/lib/thumb\libg.a(lib_a-malloc.o)
                0x02003848                malloc
                0x02003830                free
 .text          0x02003860      0x548 c:/devkitpro/devkitarm/bin/../lib/gcc/arm-eabi/4.1.2/../../../../arm-eabi/lib/thumb\libg.a(lib_a-mallocr.o)
                0x02003860                _malloc_r
 .text          0x02003da8       0x64 c:/devkitpro/devkitarm/bin/../lib/gcc/arm-eabi/4.1.2/../../../../arm-eabi/lib/thumb\libg.a(lib_a-mbrtowc.o)
                0x02003de4                mbrtowc
                0x02003da8                _mbrtowc_r
 .text          0x02003e0c       0x3c c:/devkitpro/devkitarm/bin/../lib/gcc/arm-eabi/4.1.2/../../../../arm-eabi/lib/thumb\libg.a(lib_a-mbtowc_r.o)
                0x02003e0c                _mbtowc_r
 .text          0x02003e48       0xb4 c:/devkitpro/devkitarm/bin/../lib/gcc/arm-eabi/4.1.2/../../../../arm-eabi/lib/thumb\libg.a(lib_a-memchr.o)
                0x02003e48                memchr
 .text          0x02003efc       0x5c c:/devkitpro/devkitarm/bin/../lib/gcc/arm-eabi/4.1.2/../../../../arm-eabi/lib/thumb\libg.a(lib_a-memcpy.o)
                0x02003efc                memcpy
 .text          0x02003f58       0x84 c:/devkitpro/devkitarm/bin/../lib/gcc/arm-eabi/4.1.2/../../../../arm-eabi/lib/thumb\libg.a(lib_a-memmove.o)
                0x02003f58                memmove
 .text          0x02003fdc       0x60 c:/devkitpro/devkitarm/bin/../lib/gcc/arm-eabi/4.1.2/../../../../arm-eabi/lib/thumb\libg.a(lib_a-memset.o)
                0x02003fdc                memset
 .text          0x0200403c        0x8 c:/devkitpro/devkitarm/bin/../lib/gcc/arm-eabi/4.1.2/../../../../arm-eabi/lib/thumb\libg.a(lib_a-mlock.o)
                0x02004040                __malloc_unlock
                0x0200403c                __malloc_lock
 .text          0x02004044      0x3d4 c:/devkitpro/devkitarm/bin/../lib/gcc/arm-eabi/4.1.2/../../../../arm-eabi/lib/thumb\libg.a(lib_a-reallocr.o)
                0x02004044                _realloc_r
 .text          0x02004418      0x124 c:/devkitpro/devkitarm/bin/../lib/gcc/arm-eabi/4.1.2/../../../../arm-eabi/lib/thumb\libg.a(lib_a-refill.o)
                0x02004434                __srefill_r
 .text          0x0200453c       0x7c c:/devkitpro/devkitarm/bin/../lib/gcc/arm-eabi/4.1.2/../../../../arm-eabi/lib/thumb\libg.a(lib_a-sccl.o)
                0x0200453c                __sccl
 .text          0x020045b8       0xe0 c:/devkitpro/devkitarm/bin/../lib/gcc/arm-eabi/4.1.2/../../../../arm-eabi/lib/thumb\libg.a(lib_a-stdio.o)
                0x020045d4                __sseek
                0x0200465c                __sread
                0x020045b8                __sclose
                0x02004614                __swrite
 .text          0x02004698       0x68 c:/devkitpro/devkitarm/bin/../lib/gcc/arm-eabi/4.1.2/../../../../arm-eabi/lib/thumb\libg.a(lib_a-strcmp.o)
                0x02004698                strcmp
 .text          0x02004700      0x16c c:/devkitpro/devkitarm/bin/../lib/gcc/arm-eabi/4.1.2/../../../../arm-eabi/lib/thumb\libg.a(lib_a-strtol.o)
                0x02004848                strtol
                0x02004700                _strtol_r
 .text          0x0200486c      0x170 c:/devkitpro/devkitarm/bin/../lib/gcc/arm-eabi/4.1.2/../../../../arm-eabi/lib/thumb\libg.a(lib_a-strtoul.o)
                0x020049b8                strtoul
                0x0200486c                _strtoul_r
 .text          0x020049dc      0x170 c:/devkitpro/devkitarm/bin/../lib/gcc/arm-eabi/4.1.2/../../../../arm-eabi/lib/thumb\libg.a(lib_a-ungetc.o)
                0x02004b30                ungetc
                0x020049dc                __submore
                0x02004a58                _ungetc_r
 .text          0x02004b4c       0xc4 c:/devkitpro/devkitarm/bin/../lib/gcc/arm-eabi/4.1.2/../../../../arm-eabi/lib/thumb\libg.a(lib_a-fclose.o)
                0x02004b4c                _fclose_r
                0x02004bf4                fclose
 .text          0x02004c10       0x8c c:/devkitpro/devkitarm/bin/../lib/gcc/arm-eabi/4.1.2/thumb\libgcc.a(_udivsi3.o)
                0x02004c10                __udivsi3
                0x02004c10                __aeabi_uidiv
                0x02004c8c                __aeabi_uidivmod
 .text          0x02004c9c        0x4 c:/devkitpro/devkitarm/bin/../lib/gcc/arm-eabi/4.1.2/thumb\libgcc.a(_dvmd_tls.o)
                0x02004c9c                __aeabi_ldiv0
                0x02004c9c                __div0
                0x02004c9c                __aeabi_idiv0
 .text          0x02004ca0      0x120 c:/devkitpro/devkitarm/bin/../lib/gcc/arm-eabi/4.1.2/../../../../arm-eabi/lib/thumb\libsysbase.a(iosupport.o)
                0x02004d94                RemoveDevice
                0x02004ca0                setDefaultDevice
                0x02004cb4                AddDevice
                0x02004d2c                FindDevice
 .text          0x02004dc0       0x44 c:/devkitpro/devkitarm/bin/../lib/gcc/arm-eabi/4.1.2/../../../../arm-eabi/lib/thumb\libsysbase.a(close.o)
                0x02004dc0                _close_r
 .text          0x02004e04       0x44 c:/devkitpro/devkitarm/bin/../lib/gcc/arm-eabi/4.1.2/../../../../arm-eabi/lib/thumb\libsysbase.a(fstat.o)
                0x02004e04                _fstat_r
 .text          0x02004e48        0x4 c:/devkitpro/devkitarm/bin/../lib/gcc/arm-eabi/4.1.2/../../../../arm-eabi/lib/thumb\libsysbase.a(isatty.o)
                0x02004e48                isatty
 .text          0x02004e4c       0x3c c:/devkitpro/devkitarm/bin/../lib/gcc/arm-eabi/4.1.2/../../../../arm-eabi/lib/thumb\libsysbase.a(lseek.o)
                0x02004e4c                _lseek_r
 .text          0x02004e88       0x44 c:/devkitpro/devkitarm/bin/../lib/gcc/arm-eabi/4.1.2/../../../../arm-eabi/lib/thumb\libsysbase.a(read.o)
                0x02004e88                _read_r
 .text          0x02004ecc       0x5c c:/devkitpro/devkitarm/bin/../lib/gcc/arm-eabi/4.1.2/../../../../arm-eabi/lib/thumb\libsysbase.a(sbrk.o)
                0x02004ecc                _sbrk_r
 .text          0x02004f28       0x4c c:/devkitpro/devkitarm/bin/../lib/gcc/arm-eabi/4.1.2/../../../../arm-eabi/lib/thumb\libsysbase.a(times.o)
                0x02004f30                _gettimeofday_r
                0x02004f28                _times_r
                0x02004f5c                _times
 .text          0x02004f74       0x44 c:/devkitpro/devkitarm/bin/../lib/gcc/arm-eabi/4.1.2/../../../../arm-eabi/lib/thumb\libsysbase.a(write.o)
                0x02004f74                _write_r
 .text          0x02004fb8        0x0 c:/devkitpro/devkitarm/bin/../lib/gcc/arm-eabi/4.1.2/../../../../arm-eabi/lib/thumb\libsysbase.a(malloc_vars.o)
 .text          0x02004fb8       0x4c c:/devkitpro/devkitarm/bin/../lib/gcc/arm-eabi/4.1.2/../../../../arm-eabi/lib/thumb\libsysbase.a(build_argv.o)
                0x02004fb8                build_argv
 .text          0x02005004        0xc c:/devkitpro/devkitarm/bin/../lib/gcc/arm-eabi/4.1.2/../../../../arm-eabi/lib/thumb\libc.a(lib_a-errno.o)
                0x02005004                __errno
 .text          0x02005010       0x94 c:/devkitpro/devkitarm/bin/../lib/gcc/arm-eabi/4.1.2/../../../../arm-eabi/lib/thumb\libc.a(lib_a-strncmp.o)
                0x02005010                strncmp
 .text          0x020050a4        0x0 c:/devkitpro/devkitarm/bin/../lib/gcc/arm-eabi/4.1.2/thumb/crtend.o
 .text          0x020050a4        0x0 c:/devkitpro/devkitarm/bin/../lib/gcc/arm-eabi/4.1.2/thumb/crtn.o
 *(.text.*)
 *(.stub)
 *(.gnu.warning)
 *(.gnu.linkonce.t*)
 *(.glue_7)
 .glue_7        0x020050a4        0x0 c:/devkitpro/devkitarm/bin/../lib/gcc/arm-eabi/4.1.2/../../../../arm-eabi/lib/thumb/ds_arm9_crt0.o
 .glue_7        0x020050a4        0x0 c:/devkitpro/devkitarm/bin/../lib/gcc/arm-eabi/4.1.2/thumb/crti.o
 .glue_7        0x020050a4        0x0 c:/devkitpro/devkitarm/bin/../lib/gcc/arm-eabi/4.1.2/thumb/crtbegin.o
 .glue_7        0x020050a4        0x0 template.o
 .glue_7        0x020050a4        0x0 c:/devkitPro/libnds/lib\libnds9.a(console.o)
 .glue_7        0x020050a4        0x0 c:/devkitPro/libnds/lib\libnds9.a(initSystem.o)
 .glue_7        0x020050a4        0x0 c:/devkitPro/libnds/lib\libnds9.a(touch.o)
 .glue_7        0x020050a4        0x0 c:/devkitPro/libnds/lib\libnds9.a(video.o)
 .glue_7        0x020050a4        0x0 c:/devkitPro/libnds/lib\libnds9.a(interrupts.o)
 .glue_7        0x020050a4        0x0 c:/devkitPro/libnds/lib\libnds9.a(biosCalls.o)
 .glue_7        0x020050a4        0x0 c:/devkitPro/libnds/lib\libnds9.a(interruptDispatcher.o)
 .glue_7        0x020050a4        0x0 c:/devkitPro/libnds/lib\libnds9.a(default_font.o)
 .glue_7        0x020050a4        0x0 c:/devkitpro/devkitarm/bin/../lib/gcc/arm-eabi/4.1.2/../../../../arm-eabi/lib/thumb\libg.a(lib_a-impure.o)
 .glue_7        0x020050a4        0x0 c:/devkitpro/devkitarm/bin/../lib/gcc/arm-eabi/4.1.2/../../../../arm-eabi/lib/thumb\libg.a(lib_a-init.o)
 .glue_7        0x020050a4        0x0 c:/devkitpro/devkitarm/bin/../lib/gcc/arm-eabi/4.1.2/../../../../arm-eabi/lib/thumb\libg.a(lib_a-iprintf.o)
 .glue_7        0x020050a4        0x0 c:/devkitpro/devkitarm/bin/../lib/gcc/arm-eabi/4.1.2/../../../../arm-eabi/lib/thumb\libg.a(lib_a-setvbuf.o)
 .glue_7        0x020050a4        0x0 c:/devkitpro/devkitarm/bin/../lib/gcc/arm-eabi/4.1.2/../../../../arm-eabi/lib/thumb\libg.a(lib_a-siscanf.o)
 .glue_7        0x020050a4        0x0 c:/devkitpro/devkitarm/bin/../lib/gcc/arm-eabi/4.1.2/../../../../arm-eabi/lib/thumb\libg.a(lib_a-strlen.o)
 .glue_7        0x020050a4        0x0 c:/devkitpro/devkitarm/bin/../lib/gcc/arm-eabi/4.1.2/../../../../arm-eabi/lib/thumb\libg.a(lib_a-vfiprintf.o)
 .glue_7        0x020050a4        0x0 c:/devkitpro/devkitarm/bin/../lib/gcc/arm-eabi/4.1.2/../../../../arm-eabi/lib/thumb\libg.a(lib_a-vfiscanf.o)
 .glue_7        0x020050a4        0x0 c:/devkitpro/devkitarm/bin/../lib/gcc/arm-eabi/4.1.2/../../../../arm-eabi/lib/thumb\libg.a(lib_a-wcrtomb.o)
 .glue_7        0x020050a4        0x0 c:/devkitpro/devkitarm/bin/../lib/gcc/arm-eabi/4.1.2/../../../../arm-eabi/lib/thumb\libg.a(lib_a-wcsrtombs.o)
 .glue_7        0x020050a4        0x0 c:/devkitpro/devkitarm/bin/../lib/gcc/arm-eabi/4.1.2/../../../../arm-eabi/lib/thumb\libg.a(lib_a-wctomb_r.o)
 .glue_7        0x020050a4        0x0 c:/devkitpro/devkitarm/bin/../lib/gcc/arm-eabi/4.1.2/../../../../arm-eabi/lib/thumb\libg.a(lib_a-wsetup.o)
 .glue_7        0x020050a4        0x0 c:/devkitpro/devkitarm/bin/../lib/gcc/arm-eabi/4.1.2/../../../../arm-eabi/lib/thumb\libg.a(lib_a-ctype_.o)
 .glue_7        0x020050a4        0x0 c:/devkitpro/devkitarm/bin/../lib/gcc/arm-eabi/4.1.2/../../../../arm-eabi/lib/thumb\libg.a(lib_a-fflush.o)
 .glue_7        0x020050a4        0x0 c:/devkitpro/devkitarm/bin/../lib/gcc/arm-eabi/4.1.2/../../../../arm-eabi/lib/thumb\libg.a(lib_a-findfp.o)
 .glue_7        0x020050a4        0x0 c:/devkitpro/devkitarm/bin/../lib/gcc/arm-eabi/4.1.2/../../../../arm-eabi/lib/thumb\libg.a(lib_a-fread.o)
 .glue_7        0x020050a4        0x0 c:/devkitpro/devkitarm/bin/../lib/gcc/arm-eabi/4.1.2/../../../../arm-eabi/lib/thumb\libg.a(lib_a-freer.o)
 .glue_7        0x020050a4        0x0 c:/devkitpro/devkitarm/bin/../lib/gcc/arm-eabi/4.1.2/../../../../arm-eabi/lib/thumb\libg.a(lib_a-fvwrite.o)
 .glue_7        0x020050a4        0x0 c:/devkitpro/devkitarm/bin/../lib/gcc/arm-eabi/4.1.2/../../../../arm-eabi/lib/thumb\libg.a(lib_a-fwalk.o)
 .glue_7        0x020050a4        0x0 c:/devkitpro/devkitarm/bin/../lib/gcc/arm-eabi/4.1.2/../../../../arm-eabi/lib/thumb\libg.a(lib_a-iswspace.o)
 .glue_7        0x020050a4        0x0 c:/devkitpro/devkitarm/bin/../lib/gcc/arm-eabi/4.1.2/../../../../arm-eabi/lib/thumb\libg.a(lib_a-locale.o)
 .glue_7        0x020050a4        0x0 c:/devkitpro/devkitarm/bin/../lib/gcc/arm-eabi/4.1.2/../../../../arm-eabi/lib/thumb\libg.a(lib_a-makebuf.o)
 .glue_7        0x020050a4        0x0 c:/devkitpro/devkitarm/bin/../lib/gcc/arm-eabi/4.1.2/../../../../arm-eabi/lib/thumb\libg.a(lib_a-malloc.o)
 .glue_7        0x020050a4        0x0 c:/devkitpro/devkitarm/bin/../lib/gcc/arm-eabi/4.1.2/../../../../arm-eabi/lib/thumb\libg.a(lib_a-mallocr.o)
 .glue_7        0x020050a4        0x0 c:/devkitpro/devkitarm/bin/../lib/gcc/arm-eabi/4.1.2/../../../../arm-eabi/lib/thumb\libg.a(lib_a-mbrtowc.o)
 .glue_7        0x020050a4        0x0 c:/devkitpro/devkitarm/bin/../lib/gcc/arm-eabi/4.1.2/../../../../arm-eabi/lib/thumb\libg.a(lib_a-mbtowc_r.o)
 .glue_7        0x020050a4        0x0 c:/devkitpro/devkitarm/bin/../lib/gcc/arm-eabi/4.1.2/../../../../arm-eabi/lib/thumb\libg.a(lib_a-memchr.o)
 .glue_7        0x020050a4        0x0 c:/devkitpro/devkitarm/bin/../lib/gcc/arm-eabi/4.1.2/../../../../arm-eabi/lib/thumb\libg.a(lib_a-memcpy.o)
 .glue_7        0x020050a4        0x0 c:/devkitpro/devkitarm/bin/../lib/gcc/arm-eabi/4.1.2/../../../../arm-eabi/lib/thumb\libg.a(lib_a-memmove.o)
 .glue_7        0x020050a4        0x0 c:/devkitpro/devkitarm/bin/../lib/gcc/arm-eabi/4.1.2/../../../../arm-eabi/lib/thumb\libg.a(lib_a-memset.o)
 .glue_7        0x020050a4        0x0 c:/devkitpro/devkitarm/bin/../lib/gcc/arm-eabi/4.1.2/../../../../arm-eabi/lib/thumb\libg.a(lib_a-mlock.o)
 .glue_7        0x020050a4        0x0 c:/devkitpro/devkitarm/bin/../lib/gcc/arm-eabi/4.1.2/../../../../arm-eabi/lib/thumb\libg.a(lib_a-reallocr.o)
 .glue_7        0x020050a4        0x0 c:/devkitpro/devkitarm/bin/../lib/gcc/arm-eabi/4.1.2/../../../../arm-eabi/lib/thumb\libg.a(lib_a-refill.o)
 .glue_7        0x020050a4        0x0 c:/devkitpro/devkitarm/bin/../lib/gcc/arm-eabi/4.1.2/../../../../arm-eabi/lib/thumb\libg.a(lib_a-sccl.o)
 .glue_7        0x020050a4        0x0 c:/devkitpro/devkitarm/bin/../lib/gcc/arm-eabi/4.1.2/../../../../arm-eabi/lib/thumb\libg.a(lib_a-stdio.o)
 .glue_7        0x020050a4        0x0 c:/devkitpro/devkitarm/bin/../lib/gcc/arm-eabi/4.1.2/../../../../arm-eabi/lib/thumb\libg.a(lib_a-strcmp.o)
 .glue_7        0x020050a4        0x0 c:/devkitpro/devkitarm/bin/../lib/gcc/arm-eabi/4.1.2/../../../../arm-eabi/lib/thumb\libg.a(lib_a-strtol.o)
 .glue_7        0x020050a4        0x0 c:/devkitpro/devkitarm/bin/../lib/gcc/arm-eabi/4.1.2/../../../../arm-eabi/lib/thumb\libg.a(lib_a-strtoul.o)
 .glue_7        0x020050a4        0x0 c:/devkitpro/devkitarm/bin/../lib/gcc/arm-eabi/4.1.2/../../../../arm-eabi/lib/thumb\libg.a(lib_a-ungetc.o)
 .glue_7        0x020050a4        0x0 c:/devkitpro/devkitarm/bin/../lib/gcc/arm-eabi/4.1.2/../../../../arm-eabi/lib/thumb\libg.a(lib_a-fclose.o)
 .glue_7        0x020050a4        0x0 c:/devkitpro/devkitarm/bin/../lib/gcc/arm-eabi/4.1.2/thumb\libgcc.a(_udivsi3.o)
 .glue_7        0x020050a4        0x0 c:/devkitpro/devkitarm/bin/../lib/gcc/arm-eabi/4.1.2/thumb\libgcc.a(_dvmd_tls.o)
 .glue_7        0x020050a4        0x0 c:/devkitpro/devkitarm/bin/../lib/gcc/arm-eabi/4.1.2/../../../../arm-eabi/lib/thumb\libsysbase.a(iosupport.o)
 .glue_7        0x020050a4        0x0 c:/devkitpro/devkitarm/bin/../lib/gcc/arm-eabi/4.1.2/../../../../arm-eabi/lib/thumb\libsysbase.a(close.o)
 .glue_7        0x020050a4        0x0 c:/devkitpro/devkitarm/bin/../lib/gcc/arm-eabi/4.1.2/../../../../arm-eabi/lib/thumb\libsysbase.a(fstat.o)
 .glue_7        0x020050a4        0x0 c:/devkitpro/devkitarm/bin/../lib/gcc/arm-eabi/4.1.2/../../../../arm-eabi/lib/thumb\libsysbase.a(isatty.o)
 .glue_7        0x020050a4        0x0 c:/devkitpro/devkitarm/bin/../lib/gcc/arm-eabi/4.1.2/../../../../arm-eabi/lib/thumb\libsysbase.a(lseek.o)
 .glue_7        0x020050a4        0x0 c:/devkitpro/devkitarm/bin/../lib/gcc/arm-eabi/4.1.2/../../../../arm-eabi/lib/thumb\libsysbase.a(read.o)
 .glue_7        0x020050a4        0x0 c:/devkitpro/devkitarm/bin/../lib/gcc/arm-eabi/4.1.2/../../../../arm-eabi/lib/thumb\libsysbase.a(sbrk.o)
 .glue_7        0x020050a4        0x0 c:/devkitpro/devkitarm/bin/../lib/gcc/arm-eabi/4.1.2/../../../../arm-eabi/lib/thumb\libsysbase.a(times.o)
 .glue_7        0x020050a4        0x0 c:/devkitpro/devkitarm/bin/../lib/gcc/arm-eabi/4.1.2/../../../../arm-eabi/lib/thumb\libsysbase.a(write.o)
 .glue_7        0x020050a4        0x0 c:/devkitpro/devkitarm/bin/../lib/gcc/arm-eabi/4.1.2/../../../../arm-eabi/lib/thumb\libsysbase.a(malloc_vars.o)
 .glue_7        0x020050a4        0x0 c:/devkitpro/devkitarm/bin/../lib/gcc/arm-eabi/4.1.2/../../../../arm-eabi/lib/thumb\libsysbase.a(build_argv.o)
 .glue_7        0x020050a4        0x0 c:/devkitpro/devkitarm/bin/../lib/gcc/arm-eabi/4.1.2/../../../../arm-eabi/lib/thumb\libc.a(lib_a-errno.o)
 .glue_7        0x020050a4        0x0 c:/devkitpro/devkitarm/bin/../lib/gcc/arm-eabi/4.1.2/../../../../arm-eabi/lib/thumb\libc.a(lib_a-strncmp.o)
 .glue_7        0x020050a4        0x0 c:/devkitpro/devkitarm/bin/../lib/gcc/arm-eabi/4.1.2/thumb/crtend.o
 .glue_7        0x020050a4        0x0 c:/devkitpro/devkitarm/bin/../lib/gcc/arm-eabi/4.1.2/thumb/crtn.o
 *(.glue_7t)
 .glue_7t       0x020050a4        0x0 c:/devkitpro/devkitarm/bin/../lib/gcc/arm-eabi/4.1.2/../../../../arm-eabi/lib/thumb/ds_arm9_crt0.o
 .glue_7t       0x020050a4        0x0 c:/devkitpro/devkitarm/bin/../lib/gcc/arm-eabi/4.1.2/thumb/crti.o
 .glue_7t       0x020050a4        0x0 c:/devkitpro/devkitarm/bin/../lib/gcc/arm-eabi/4.1.2/thumb/crtbegin.o
 .glue_7t       0x020050a4        0x0 template.o
 .glue_7t       0x020050a4        0x0 c:/devkitPro/libnds/lib\libnds9.a(console.o)
 .glue_7t       0x020050a4        0x0 c:/devkitPro/libnds/lib\libnds9.a(initSystem.o)
 .glue_7t       0x020050a4        0x0 c:/devkitPro/libnds/lib\libnds9.a(touch.o)
 .glue_7t       0x020050a4        0x0 c:/devkitPro/libnds/lib\libnds9.a(video.o)
 .glue_7t       0x020050a4        0x0 c:/devkitPro/libnds/lib\libnds9.a(interrupts.o)
 .glue_7t       0x020050a4        0x0 c:/devkitPro/libnds/lib\libnds9.a(biosCalls.o)
 .glue_7t       0x020050a4        0x0 c:/devkitPro/libnds/lib\libnds9.a(interruptDispatcher.o)
 .glue_7t       0x020050a4        0x0 c:/devkitPro/libnds/lib\libnds9.a(default_font.o)
 .glue_7t       0x020050a4        0x0 c:/devkitpro/devkitarm/bin/../lib/gcc/arm-eabi/4.1.2/../../../../arm-eabi/lib/thumb\libg.a(lib_a-impure.o)
 .glue_7t       0x020050a4        0x0 c:/devkitpro/devkitarm/bin/../lib/gcc/arm-eabi/4.1.2/../../../../arm-eabi/lib/thumb\libg.a(lib_a-init.o)
 .glue_7t       0x020050a4        0x0 c:/devkitpro/devkitarm/bin/../lib/gcc/arm-eabi/4.1.2/../../../../arm-eabi/lib/thumb\libg.a(lib_a-iprintf.o)
 .glue_7t       0x020050a4        0x0 c:/devkitpro/devkitarm/bin/../lib/gcc/arm-eabi/4.1.2/../../../../arm-eabi/lib/thumb\libg.a(lib_a-setvbuf.o)
 .glue_7t       0x020050a4        0x0 c:/devkitpro/devkitarm/bin/../lib/gcc/arm-eabi/4.1.2/../../../../arm-eabi/lib/thumb\libg.a(lib_a-siscanf.o)
 .glue_7t       0x020050a4        0x0 c:/devkitpro/devkitarm/bin/../lib/gcc/arm-eabi/4.1.2/../../../../arm-eabi/lib/thumb\libg.a(lib_a-strlen.o)
 .glue_7t       0x020050a4        0x0 c:/devkitpro/devkitarm/bin/../lib/gcc/arm-eabi/4.1.2/../../../../arm-eabi/lib/thumb\libg.a(lib_a-vfiprintf.o)
 .glue_7t       0x020050a4        0x0 c:/devkitpro/devkitarm/bin/../lib/gcc/arm-eabi/4.1.2/../../../../arm-eabi/lib/thumb\libg.a(lib_a-vfiscanf.o)
 .glue_7t       0x020050a4        0x0 c:/devkitpro/devkitarm/bin/../lib/gcc/arm-eabi/4.1.2/../../../../arm-eabi/lib/thumb\libg.a(lib_a-wcrtomb.o)
 .glue_7t       0x020050a4        0x0 c:/devkitpro/devkitarm/bin/../lib/gcc/arm-eabi/4.1.2/../../../../arm-eabi/lib/thumb\libg.a(lib_a-wcsrtombs.o)
 .glue_7t       0x020050a4        0x0 c:/devkitpro/devkitarm/bin/../lib/gcc/arm-eabi/4.1.2/../../../../arm-eabi/lib/thumb\libg.a(lib_a-wctomb_r.o)
 .glue_7t       0x020050a4        0x0 c:/devkitpro/devkitarm/bin/../lib/gcc/arm-eabi/4.1.2/../../../../arm-eabi/lib/thumb\libg.a(lib_a-wsetup.o)
 .glue_7t       0x020050a4        0x0 c:/devkitpro/devkitarm/bin/../lib/gcc/arm-eabi/4.1.2/../../../../arm-eabi/lib/thumb\libg.a(lib_a-ctype_.o)
 .glue_7t       0x020050a4        0x0 c:/devkitpro/devkitarm/bin/../lib/gcc/arm-eabi/4.1.2/../../../../arm-eabi/lib/thumb\libg.a(lib_a-fflush.o)
 .glue_7t       0x020050a4        0x0 c:/devkitpro/devkitarm/bin/../lib/gcc/arm-eabi/4.1.2/../../../../arm-eabi/lib/thumb\libg.a(lib_a-findfp.o)
 .glue_7t       0x020050a4        0x0 c:/devkitpro/devkitarm/bin/../lib/gcc/arm-eabi/4.1.2/../../../../arm-eabi/lib/thumb\libg.a(lib_a-fread.o)
 .glue_7t       0x020050a4        0x0 c:/devkitpro/devkitarm/bin/../lib/gcc/arm-eabi/4.1.2/../../../../arm-eabi/lib/thumb\libg.a(lib_a-freer.o)
 .glue_7t       0x020050a4        0x0 c:/devkitpro/devkitarm/bin/../lib/gcc/arm-eabi/4.1.2/../../../../arm-eabi/lib/thumb\libg.a(lib_a-fvwrite.o)
 .glue_7t       0x020050a4        0x0 c:/devkitpro/devkitarm/bin/../lib/gcc/arm-eabi/4.1.2/../../../../arm-eabi/lib/thumb\libg.a(lib_a-fwalk.o)
 .glue_7t       0x020050a4        0x0 c:/devkitpro/devkitarm/bin/../lib/gcc/arm-eabi/4.1.2/../../../../arm-eabi/lib/thumb\libg.a(lib_a-iswspace.o)
 .glue_7t       0x020050a4        0x0 c:/devkitpro/devkitarm/bin/../lib/gcc/arm-eabi/4.1.2/../../../../arm-eabi/lib/thumb\libg.a(lib_a-locale.o)
 .glue_7t       0x020050a4        0x0 c:/devkitpro/devkitarm/bin/../lib/gcc/arm-eabi/4.1.2/../../../../arm-eabi/lib/thumb\libg.a(lib_a-makebuf.o)
 .glue_7t       0x020050a4        0x0 c:/devkitpro/devkitarm/bin/../lib/gcc/arm-eabi/4.1.2/../../../../arm-eabi/lib/thumb\libg.a(lib_a-malloc.o)
 .glue_7t       0x020050a4        0x0 c:/devkitpro/devkitarm/bin/../lib/gcc/arm-eabi/4.1.2/../../../../arm-eabi/lib/thumb\libg.a(lib_a-mallocr.o)
 .glue_7t       0x020050a4        0x0 c:/devkitpro/devkitarm/bin/../lib/gcc/arm-eabi/4.1.2/../../../../arm-eabi/lib/thumb\libg.a(lib_a-mbrtowc.o)
 .glue_7t       0x020050a4        0x0 c:/devkitpro/devkitarm/bin/../lib/gcc/arm-eabi/4.1.2/../../../../arm-eabi/lib/thumb\libg.a(lib_a-mbtowc_r.o)
 .glue_7t       0x020050a4        0x0 c:/devkitpro/devkitarm/bin/../lib/gcc/arm-eabi/4.1.2/../../../../arm-eabi/lib/thumb\libg.a(lib_a-memchr.o)
 .glue_7t       0x020050a4        0x0 c:/devkitpro/devkitarm/bin/../lib/gcc/arm-eabi/4.1.2/../../../../arm-eabi/lib/thumb\libg.a(lib_a-memcpy.o)
 .glue_7t       0x020050a4        0x0 c:/devkitpro/devkitarm/bin/../lib/gcc/arm-eabi/4.1.2/../../../../arm-eabi/lib/thumb\libg.a(lib_a-memmove.o)
 .glue_7t       0x020050a4        0x0 c:/devkitpro/devkitarm/bin/../lib/gcc/arm-eabi/4.1.2/../../../../arm-eabi/lib/thumb\libg.a(lib_a-memset.o)
 .glue_7t       0x020050a4        0x0 c:/devkitpro/devkitarm/bin/../lib/gcc/arm-eabi/4.1.2/../../../../arm-eabi/lib/thumb\libg.a(lib_a-mlock.o)
 .glue_7t       0x020050a4        0x0 c:/devkitpro/devkitarm/bin/../lib/gcc/arm-eabi/4.1.2/../../../../arm-eabi/lib/thumb\libg.a(lib_a-reallocr.o)
 .glue_7t       0x020050a4        0x0 c:/devkitpro/devkitarm/bin/../lib/gcc/arm-eabi/4.1.2/../../../../arm-eabi/lib/thumb\libg.a(lib_a-refill.o)
 .glue_7t       0x020050a4        0x0 c:/devkitpro/devkitarm/bin/../lib/gcc/arm-eabi/4.1.2/../../../../arm-eabi/lib/thumb\libg.a(lib_a-sccl.o)
 .glue_7t       0x020050a4        0x0 c:/devkitpro/devkitarm/bin/../lib/gcc/arm-eabi/4.1.2/../../../../arm-eabi/lib/thumb\libg.a(lib_a-stdio.o)
 .glue_7t       0x020050a4        0x0 c:/devkitpro/devkitarm/bin/../lib/gcc/arm-eabi/4.1.2/../../../../arm-eabi/lib/thumb\libg.a(lib_a-strcmp.o)
 .glue_7t       0x020050a4        0x0 c:/devkitpro/devkitarm/bin/../lib/gcc/arm-eabi/4.1.2/../../../../arm-eabi/lib/thumb\libg.a(lib_a-strtol.o)
 .glue_7t       0x020050a4        0x0 c:/devkitpro/devkitarm/bin/../lib/gcc/arm-eabi/4.1.2/../../../../arm-eabi/lib/thumb\libg.a(lib_a-strtoul.o)
 .glue_7t       0x020050a4        0x0 c:/devkitpro/devkitarm/bin/../lib/gcc/arm-eabi/4.1.2/../../../../arm-eabi/lib/thumb\libg.a(lib_a-ungetc.o)
 .glue_7t       0x020050a4        0x0 c:/devkitpro/devkitarm/bin/../lib/gcc/arm-eabi/4.1.2/../../../../arm-eabi/lib/thumb\libg.a(lib_a-fclose.o)
 .glue_7t       0x020050a4        0x0 c:/devkitpro/devkitarm/bin/../lib/gcc/arm-eabi/4.1.2/thumb\libgcc.a(_udivsi3.o)
 .glue_7t       0x020050a4        0x0 c:/devkitpro/devkitarm/bin/../lib/gcc/arm-eabi/4.1.2/thumb\libgcc.a(_dvmd_tls.o)
 .glue_7t       0x020050a4        0x0 c:/devkitpro/devkitarm/bin/../lib/gcc/arm-eabi/4.1.2/../../../../arm-eabi/lib/thumb\libsysbase.a(iosupport.o)
 .glue_7t       0x020050a4        0x0 c:/devkitpro/devkitarm/bin/../lib/gcc/arm-eabi/4.1.2/../../../../arm-eabi/lib/thumb\libsysbase.a(close.o)
 .glue_7t       0x020050a4        0x0 c:/devkitpro/devkitarm/bin/../lib/gcc/arm-eabi/4.1.2/../../../../arm-eabi/lib/thumb\libsysbase.a(fstat.o)
 .glue_7t       0x020050a4        0x0 c:/devkitpro/devkitarm/bin/../lib/gcc/arm-eabi/4.1.2/../../../../arm-eabi/lib/thumb\libsysbase.a(isatty.o)
 .glue_7t       0x020050a4        0x0 c:/devkitpro/devkitarm/bin/../lib/gcc/arm-eabi/4.1.2/../../../../arm-eabi/lib/thumb\libsysbase.a(lseek.o)
 .glue_7t       0x020050a4        0x0 c:/devkitpro/devkitarm/bin/../lib/gcc/arm-eabi/4.1.2/../../../../arm-eabi/lib/thumb\libsysbase.a(read.o)
 .glue_7t       0x020050a4        0x0 c:/devkitpro/devkitarm/bin/../lib/gcc/arm-eabi/4.1.2/../../../../arm-eabi/lib/thumb\libsysbase.a(sbrk.o)
 .glue_7t       0x020050a4        0x0 c:/devkitpro/devkitarm/bin/../lib/gcc/arm-eabi/4.1.2/../../../../arm-eabi/lib/thumb\libsysbase.a(times.o)
 .glue_7t       0x020050a4        0x0 c:/devkitpro/devkitarm/bin/../lib/gcc/arm-eabi/4.1.2/../../../../arm-eabi/lib/thumb\libsysbase.a(write.o)
 .glue_7t       0x020050a4        0x0 c:/devkitpro/devkitarm/bin/../lib/gcc/arm-eabi/4.1.2/../../../../arm-eabi/lib/thumb\libsysbase.a(malloc_vars.o)
 .glue_7t       0x020050a4        0x0 c:/devkitpro/devkitarm/bin/../lib/gcc/arm-eabi/4.1.2/../../../../arm-eabi/lib/thumb\libsysbase.a(build_argv.o)
 .glue_7t       0x020050a4        0x0 c:/devkitpro/devkitarm/bin/../lib/gcc/arm-eabi/4.1.2/../../../../arm-eabi/lib/thumb\libc.a(lib_a-errno.o)
 .glue_7t       0x020050a4        0x0 c:/devkitpro/devkitarm/bin/../lib/gcc/arm-eabi/4.1.2/../../../../arm-eabi/lib/thumb\libc.a(lib_a-strncmp.o)
 .glue_7t       0x020050a4        0x0 c:/devkitpro/devkitarm/bin/../lib/gcc/arm-eabi/4.1.2/thumb/crtend.o
 .glue_7t       0x020050a4        0x0 c:/devkitpro/devkitarm/bin/../lib/gcc/arm-eabi/4.1.2/thumb/crtn.o
                0x020050a4                . = ALIGN (0x4)

.fini           0x020050a4        0xc
 *(.fini)
 .fini          0x020050a4        0x4 c:/devkitpro/devkitarm/bin/../lib/gcc/arm-eabi/4.1.2/thumb/crti.o
                0x020050a4                _fini
 .fini          0x020050a8        0x8 c:/devkitpro/devkitarm/bin/../lib/gcc/arm-eabi/4.1.2/thumb/crtn.o
                0x020050b0                __text_end = .

.rodata         0x020050b0     0x2888
 *(.rodata)
 .rodata        0x020050b0      0x120 c:/devkitPro/libnds/lib\libnds9.a(console.o)
                0x02005184                dotab_stdout
 .rodata        0x020051d0     0x2004 c:/devkitPro/libnds/lib\libnds9.a(default_font.o)
                0x020071d4                default_font_bin_end
                0x020051d0                default_font_bin_size
                0x020051d4                default_font_bin
 .rodata        0x020071d4        0x4 c:/devkitpro/devkitarm/bin/../lib/gcc/arm-eabi/4.1.2/../../../../arm-eabi/lib/thumb\libg.a(lib_a-impure.o)
                0x020071d4                _global_impure_ptr
 .rodata        0x020071d8      0x18c c:/devkitpro/devkitarm/bin/../lib/gcc/arm-eabi/4.1.2/../../../../arm-eabi/lib/thumb\libg.a(lib_a-vfiprintf.o)
 .rodata        0x02007364      0x340 c:/devkitpro/devkitarm/bin/../lib/gcc/arm-eabi/4.1.2/../../../../arm-eabi/lib/thumb\libg.a(lib_a-vfiscanf.o)
 .rodata        0x020076a4      0x101 c:/devkitpro/devkitarm/bin/../lib/gcc/arm-eabi/4.1.2/../../../../arm-eabi/lib/thumb\libg.a(lib_a-ctype_.o)
                0x020076a4                _ctype_
 *fill*         0x020077a5        0x3 ff
 .rodata        0x020077a8       0x34 c:/devkitpro/devkitarm/bin/../lib/gcc/arm-eabi/4.1.2/../../../../arm-eabi/lib/thumb\libg.a(lib_a-locale.o)
 .rodata        0x020077dc       0x50 c:/devkitpro/devkitarm/bin/../lib/gcc/arm-eabi/4.1.2/../../../../arm-eabi/lib/thumb\libsysbase.a(iosupport.o)
                0x020077dc                dotab_stdnull
 *all.rodata*(*)
 *(.roda)
 *(.rodata.*)
 .rodata.str1.4
                0x0200782c       0x55 template.o
                                 0x58 (size before relaxing)
 *fill*         0x02007881        0x3 ff
 .rodata.str1.4
                0x02007884       0x2c c:/devkitPro/libnds/lib\libnds9.a(console.o)
 .rodata.str1.4
                0x020078b0        0x2 c:/devkitpro/devkitarm/bin/../lib/gcc/arm-eabi/4.1.2/../../../../arm-eabi/lib/thumb\libg.a(lib_a-impure.o)
                                  0x4 (size before relaxing)
 *fill*         0x020078b2        0x2 ff
 .rodata.str1.4
                0x020078b4       0x4a c:/devkitpro/devkitarm/bin/../lib/gcc/arm-eabi/4.1.2/../../../../arm-eabi/lib/thumb\libg.a(lib_a-vfiprintf.o)
                                 0x4c (size before relaxing)
 *fill*         0x020078fe        0x2 ff
 .rodata.str1.4
                0x02007900       0x1e c:/devkitpro/devkitarm/bin/../lib/gcc/arm-eabi/4.1.2/../../../../arm-eabi/lib/thumb\libg.a(lib_a-wctomb_r.o)
                                 0x20 (size before relaxing)
 *fill*         0x0200791e        0x2 ff
 .rodata.str1.4
                0x02007920        0xf c:/devkitpro/devkitarm/bin/../lib/gcc/arm-eabi/4.1.2/../../../../arm-eabi/lib/thumb\libg.a(lib_a-locale.o)
                                 0x18 (size before relaxing)
 .rodata.str1.4
                0x00000000        0x4 c:/devkitpro/devkitarm/bin/../lib/gcc/arm-eabi/4.1.2/../../../../arm-eabi/lib/thumb\libg.a(lib_a-mbrtowc.o)
 *fill*         0x0200792f        0x1 ff
 .rodata.str1.4
                0x02007930        0x8 c:/devkitpro/devkitarm/bin/../lib/gcc/arm-eabi/4.1.2/../../../../arm-eabi/lib/thumb\libsysbase.a(iosupport.o)
 *(.gnu.linkonce.r*)
                0x02007938                . = ALIGN (0x4)

.ARM.extab
 *(.ARM.extab* .gnu.linkonce.armextab.*)
                0x02007938                __exidx_start = .

.ARM.exidx
 *(.ARM.exidx* .gnu.linkonce.armexidx.*)
                0x02007938                __exidx_end = .
                0x02007938                . = ALIGN (0x4)
                0x02007938                PROVIDE (__preinit_array_start, .)

.preinit_array
 *(.preinit_array)
                0x02007938                PROVIDE (__preinit_array_end, .)
                0x02007938                PROVIDE (__init_array_start, .)

.init_array     0x02007938        0x4
 *(.init_array)
 .init_array    0x02007938        0x4 c:/devkitpro/devkitarm/bin/../lib/gcc/arm-eabi/4.1.2/thumb/crtbegin.o
                0x0200793c                PROVIDE (__init_array_end, .)
                0x0200793c                PROVIDE (__fini_array_start, .)

.fini_array     0x0200793c        0x4
 *(.fini_array)
 .fini_array    0x0200793c        0x4 c:/devkitpro/devkitarm/bin/../lib/gcc/arm-eabi/4.1.2/thumb/crtbegin.o
                0x02007940                PROVIDE (__fini_array_end, .)

.ctors          0x02007940        0x0
 *crtbegin.o(.ctors)
 *(EXCLUDE_FILE(*crtend.o) .ctors)
 *(SORT(.ctors.*))
 *(.ctors)
                0x02007940                . = ALIGN (0x4)

.dtors          0x02007940        0x0
 *crtbegin.o(.dtors)
 *(EXCLUDE_FILE(*crtend.o) .dtors)
 *(SORT(.dtors.*))
 *(.dtors)
                0x02007940                . = ALIGN (0x4)

.eh_frame       0x02007940        0x4
 *(.eh_frame)
 .eh_frame      0x02007940        0x0 c:/devkitpro/devkitarm/bin/../lib/gcc/arm-eabi/4.1.2/thumb/crtbegin.o
 .eh_frame      0x02007940        0x4 c:/devkitpro/devkitarm/bin/../lib/gcc/arm-eabi/4.1.2/thumb/crtend.o
                0x02007944                . = ALIGN (0x4)

.gcc_except_table
                0x02007944        0x0
 *(.gcc_except_table)
                0x02007944                . = ALIGN (0x4)

.jcr            0x02007944        0x4
 *(.jcr)
 .jcr           0x02007944        0x0 c:/devkitpro/devkitarm/bin/../lib/gcc/arm-eabi/4.1.2/thumb/crtbegin.o
 .jcr           0x02007944        0x4 c:/devkitpro/devkitarm/bin/../lib/gcc/arm-eabi/4.1.2/thumb/crtend.o

.got
 *(.got.plt)
 *(.got)
 *(.rel.got)

.ewram          0x02007948        0x0
                0x02007948                __ewram_start = <code 342> (.)
 *(.ewram)
 *ewram.*(.text)
                0x02007948                . = ALIGN (0x4)

.data           0x02007948      0x888
                0x02007948                __data_start = <code 342> (.)
 *(.data)
 .data          0x02007948        0x0 c:/devkitpro/devkitarm/bin/../lib/gcc/arm-eabi/4.1.2/../../../../arm-eabi/lib/thumb/ds_arm9_crt0.o
 .data          0x02007948        0x0 c:/devkitpro/devkitarm/bin/../lib/gcc/arm-eabi/4.1.2/thumb/crti.o
 .data          0x02007948        0x4 c:/devkitpro/devkitarm/bin/../lib/gcc/arm-eabi/4.1.2/thumb/crtbegin.o
                0x02007948                __dso_handle
 .data          0x0200794c        0x0 template.o
 .data          0x0200794c        0x0 c:/devkitPro/libnds/lib\libnds9.a(console.o)
 .data          0x0200794c        0x0 c:/devkitPro/libnds/lib\libnds9.a(initSystem.o)
 .data          0x0200794c        0x0 c:/devkitPro/libnds/lib\libnds9.a(touch.o)
 .data          0x0200794c        0x0 c:/devkitPro/libnds/lib\libnds9.a(video.o)
 .data          0x0200794c        0x0 c:/devkitPro/libnds/lib\libnds9.a(interrupts.o)
 .data          0x0200794c        0x0 c:/devkitPro/libnds/lib\libnds9.a(biosCalls.o)
 .data          0x0200794c        0x0 c:/devkitPro/libnds/lib\libnds9.a(interruptDispatcher.o)
 .data          0x0200794c        0x0 c:/devkitPro/libnds/lib\libnds9.a(default_font.o)
 *fill*         0x0200794c        0x4 ff
 .data          0x02007950      0x418 c:/devkitpro/devkitarm/bin/../lib/gcc/arm-eabi/4.1.2/../../../../arm-eabi/lib/thumb\libg.a(lib_a-impure.o)
                0x02007950                _impure_ptr
 .data          0x02007d68        0x0 c:/devkitpro/devkitarm/bin/../lib/gcc/arm-eabi/4.1.2/../../../../arm-eabi/lib/thumb\libg.a(lib_a-init.o)
 .data          0x02007d68        0x0 c:/devkitpro/devkitarm/bin/../lib/gcc/arm-eabi/4.1.2/../../../../arm-eabi/lib/thumb\libg.a(lib_a-iprintf.o)
 .data          0x02007d68        0x0 c:/devkitpro/devkitarm/bin/../lib/gcc/arm-eabi/4.1.2/../../../../arm-eabi/lib/thumb\libg.a(lib_a-setvbuf.o)
 .data          0x02007d68        0x0 c:/devkitpro/devkitarm/bin/../lib/gcc/arm-eabi/4.1.2/../../../../arm-eabi/lib/thumb\libg.a(lib_a-siscanf.o)
 .data          0x02007d68        0x0 c:/devkitpro/devkitarm/bin/../lib/gcc/arm-eabi/4.1.2/../../../../arm-eabi/lib/thumb\libg.a(lib_a-strlen.o)
 .data          0x02007d68        0x0 c:/devkitpro/devkitarm/bin/../lib/gcc/arm-eabi/4.1.2/../../../../arm-eabi/lib/thumb\libg.a(lib_a-vfiprintf.o)
 .data          0x02007d68        0x0 c:/devkitpro/devkitarm/bin/../lib/gcc/arm-eabi/4.1.2/../../../../arm-eabi/lib/thumb\libg.a(lib_a-vfiscanf.o)
 .data          0x02007d68        0x0 c:/devkitpro/devkitarm/bin/../lib/gcc/arm-eabi/4.1.2/../../../../arm-eabi/lib/thumb\libg.a(lib_a-wcrtomb.o)
 .data          0x02007d68        0x0 c:/devkitpro/devkitarm/bin/../lib/gcc/arm-eabi/4.1.2/../../../../arm-eabi/lib/thumb\libg.a(lib_a-wcsrtombs.o)
 .data          0x02007d68        0x0 c:/devkitpro/devkitarm/bin/../lib/gcc/arm-eabi/4.1.2/../../../../arm-eabi/lib/thumb\libg.a(lib_a-wctomb_r.o)
 .data          0x02007d68        0x0 c:/devkitpro/devkitarm/bin/../lib/gcc/arm-eabi/4.1.2/../../../../arm-eabi/lib/thumb\libg.a(lib_a-wsetup.o)
 .data          0x02007d68        0x4 c:/devkitpro/devkitarm/bin/../lib/gcc/arm-eabi/4.1.2/../../../../arm-eabi/lib/thumb\libg.a(lib_a-ctype_.o)
                0x02007d68                __ctype_ptr
 .data          0x02007d6c        0x0 c:/devkitpro/devkitarm/bin/../lib/gcc/arm-eabi/4.1.2/../../../../arm-eabi/lib/thumb\libg.a(lib_a-fflush.o)
 .data          0x02007d6c        0x0 c:/devkitpro/devkitarm/bin/../lib/gcc/arm-eabi/4.1.2/../../../../arm-eabi/lib/thumb\libg.a(lib_a-findfp.o)
 .data          0x02007d6c        0x0 c:/devkitpro/devkitarm/bin/../lib/gcc/arm-eabi/4.1.2/../../../../arm-eabi/lib/thumb\libg.a(lib_a-fread.o)
 .data          0x02007d6c        0x0 c:/devkitpro/devkitarm/bin/../lib/gcc/arm-eabi/4.1.2/../../../../arm-eabi/lib/thumb\libg.a(lib_a-freer.o)
 .data          0x02007d6c        0x0 c:/devkitpro/devkitarm/bin/../lib/gcc/arm-eabi/4.1.2/../../../../arm-eabi/lib/thumb\libg.a(lib_a-fvwrite.o)
 .data          0x02007d6c        0x0 c:/devkitpro/devkitarm/bin/../lib/gcc/arm-eabi/4.1.2/../../../../arm-eabi/lib/thumb\libg.a(lib_a-fwalk.o)
 .data          0x02007d6c        0x0 c:/devkitpro/devkitarm/bin/../lib/gcc/arm-eabi/4.1.2/../../../../arm-eabi/lib/thumb\libg.a(lib_a-iswspace.o)
 .data          0x02007d6c       0x10 c:/devkitpro/devkitarm/bin/../lib/gcc/arm-eabi/4.1.2/../../../../arm-eabi/lib/thumb\libg.a(lib_a-locale.o)
                0x02007d6c                __mb_cur_max
                0x02007d70                __lc_ctype
 .data          0x02007d7c        0x0 c:/devkitpro/devkitarm/bin/../lib/gcc/arm-eabi/4.1.2/../../../../arm-eabi/lib/thumb\libg.a(lib_a-makebuf.o)
 .data          0x02007d7c        0x0 c:/devkitpro/devkitarm/bin/../lib/gcc/arm-eabi/4.1.2/../../../../arm-eabi/lib/thumb\libg.a(lib_a-malloc.o)
 .data          0x02007d7c      0x410 c:/devkitpro/devkitarm/bin/../lib/gcc/arm-eabi/4.1.2/../../../../arm-eabi/lib/thumb\libg.a(lib_a-mallocr.o)
                0x02008188                __malloc_sbrk_base
                0x02007d7c                __malloc_av_
                0x02008184                __malloc_trim_threshold
 .data          0x0200818c        0x0 c:/devkitpro/devkitarm/bin/../lib/gcc/arm-eabi/4.1.2/../../../../arm-eabi/lib/thumb\libg.a(lib_a-mbrtowc.o)
 .data          0x0200818c        0x0 c:/devkitpro/devkitarm/bin/../lib/gcc/arm-eabi/4.1.2/../../../../arm-eabi/lib/thumb\libg.a(lib_a-mbtowc_r.o)
 .data          0x0200818c        0x0 c:/devkitpro/devkitarm/bin/../lib/gcc/arm-eabi/4.1.2/../../../../arm-eabi/lib/thumb\libg.a(lib_a-memchr.o)
 .data          0x0200818c        0x0 c:/devkitpro/devkitarm/bin/../lib/gcc/arm-eabi/4.1.2/../../../../arm-eabi/lib/thumb\libg.a(lib_a-memcpy.o)
 .data          0x0200818c        0x0 c:/devkitpro/devkitarm/bin/../lib/gcc/arm-eabi/4.1.2/../../../../arm-eabi/lib/thumb\libg.a(lib_a-memmove.o)
 .data          0x0200818c        0x0 c:/devkitpro/devkitarm/bin/../lib/gcc/arm-eabi/4.1.2/../../../../arm-eabi/lib/thumb\libg.a(lib_a-memset.o)
 .data          0x0200818c        0x0 c:/devkitpro/devkitarm/bin/../lib/gcc/arm-eabi/4.1.2/../../../../arm-eabi/lib/thumb\libg.a(lib_a-mlock.o)
 .data          0x0200818c        0x0 c:/devkitpro/devkitarm/bin/../lib/gcc/arm-eabi/4.1.2/../../../../arm-eabi/lib/thumb\libg.a(lib_a-reallocr.o)
 .data          0x0200818c        0x0 c:/devkitpro/devkitarm/bin/../lib/gcc/arm-eabi/4.1.2/../../../../arm-eabi/lib/thumb\libg.a(lib_a-refill.o)
 .data          0x0200818c        0x0 c:/devkitpro/devkitarm/bin/../lib/gcc/arm-eabi/4.1.2/../../../../arm-eabi/lib/thumb\libg.a(lib_a-sccl.o)
 .data          0x0200818c        0x0 c:/devkitpro/devkitarm/bin/../lib/gcc/arm-eabi/4.1.2/../../../../arm-eabi/lib/thumb\libg.a(lib_a-stdio.o)
 .data          0x0200818c        0x0 c:/devkitpro/devkitarm/bin/../lib/gcc/arm-eabi/4.1.2/../../../../arm-eabi/lib/thumb\libg.a(lib_a-strcmp.o)
 .data          0x0200818c        0x0 c:/devkitpro/devkitarm/bin/../lib/gcc/arm-eabi/4.1.2/../../../../arm-eabi/lib/thumb\libg.a(lib_a-strtol.o)
 .data          0x0200818c        0x0 c:/devkitpro/devkitarm/bin/../lib/gcc/arm-eabi/4.1.2/../../../../arm-eabi/lib/thumb\libg.a(lib_a-strtoul.o)
 .data          0x0200818c        0x0 c:/devkitpro/devkitarm/bin/../lib/gcc/arm-eabi/4.1.2/../../../../arm-eabi/lib/thumb\libg.a(lib_a-ungetc.o)
 .data          0x0200818c        0x0 c:/devkitpro/devkitarm/bin/../lib/gcc/arm-eabi/4.1.2/../../../../arm-eabi/lib/thumb\libg.a(lib_a-fclose.o)
 .data          0x0200818c        0x0 c:/devkitpro/devkitarm/bin/../lib/gcc/arm-eabi/4.1.2/thumb\libgcc.a(_udivsi3.o)
 .data          0x0200818c        0x0 c:/devkitpro/devkitarm/bin/../lib/gcc/arm-eabi/4.1.2/thumb\libgcc.a(_dvmd_tls.o)
 .data          0x0200818c       0x44 c:/devkitpro/devkitarm/bin/../lib/gcc/arm-eabi/4.1.2/../../../../arm-eabi/lib/thumb\libsysbase.a(iosupport.o)
                0x0200818c                devoptab_list
 .data          0x020081d0        0x0 c:/devkitpro/devkitarm/bin/../lib/gcc/arm-eabi/4.1.2/../../../../arm-eabi/lib/thumb\libsysbase.a(close.o)
 .data          0x020081d0        0x0 c:/devkitpro/devkitarm/bin/../lib/gcc/arm-eabi/4.1.2/../../../../arm-eabi/lib/thumb\libsysbase.a(fstat.o)
 .data          0x020081d0        0x0 c:/devkitpro/devkitarm/bin/../lib/gcc/arm-eabi/4.1.2/../../../../arm-eabi/lib/thumb\libsysbase.a(isatty.o)
 .data          0x020081d0        0x0 c:/devkitpro/devkitarm/bin/../lib/gcc/arm-eabi/4.1.2/../../../../arm-eabi/lib/thumb\libsysbase.a(lseek.o)
 .data          0x020081d0        0x0 c:/devkitpro/devkitarm/bin/../lib/gcc/arm-eabi/4.1.2/../../../../arm-eabi/lib/thumb\libsysbase.a(read.o)
 .data          0x020081d0        0x0 c:/devkitpro/devkitarm/bin/../lib/gcc/arm-eabi/4.1.2/../../../../arm-eabi/lib/thumb\libsysbase.a(sbrk.o)
 .data          0x020081d0        0x0 c:/devkitpro/devkitarm/bin/../lib/gcc/arm-eabi/4.1.2/../../../../arm-eabi/lib/thumb\libsysbase.a(times.o)
 .data          0x020081d0        0x0 c:/devkitpro/devkitarm/bin/../lib/gcc/arm-eabi/4.1.2/../../../../arm-eabi/lib/thumb\libsysbase.a(write.o)
 .data          0x020081d0        0x0 c:/devkitpro/devkitarm/bin/../lib/gcc/arm-eabi/4.1.2/../../../../arm-eabi/lib/thumb\libsysbase.a(malloc_vars.o)
 .data          0x020081d0        0x0 c:/devkitpro/devkitarm/bin/../lib/gcc/arm-eabi/4.1.2/../../../../arm-eabi/lib/thumb\libsysbase.a(build_argv.o)
 .data          0x020081d0        0x0 c:/devkitpro/devkitarm/bin/../lib/gcc/arm-eabi/4.1.2/../../../../arm-eabi/lib/thumb\libc.a(lib_a-errno.o)
 .data          0x020081d0        0x0 c:/devkitpro/devkitarm/bin/../lib/gcc/arm-eabi/4.1.2/../../../../arm-eabi/lib/thumb\libc.a(lib_a-strncmp.o)
 .data          0x020081d0        0x0 c:/devkitpro/devkitarm/bin/../lib/gcc/arm-eabi/4.1.2/thumb/crtend.o
 .data          0x020081d0        0x0 c:/devkitpro/devkitarm/bin/../lib/gcc/arm-eabi/4.1.2/thumb/crtn.o
 *(.data.*)
 *(.gnu.linkonce.d*)
                0x020081d0                . = ALIGN (0x4)
                0x020081d0                __data_end = <code 342> (.)
                0x020081d0                __dtcm_lma = .

.dtcm           0x0b000000        0x0 load address 0x020081d0
 *(.dtcm)
 *(.dtcm.*)
                0x0b000000                . = ALIGN (0x4)
                0x0b000000                __dtcm_end = <code 342> (.)
                0x020081d0                __itcm_lma = (__dtcm_lma + SIZEOF (.dtcm))

.itcm           0x01000000      0x190 load address 0x020081d0
 *(.itcm)
 .itcm          0x01000000       0xc8 c:/devkitPro/libnds/lib\libnds9.a(interrupts.o)
                0x01000000                irqTable
 .itcm          0x010000c8       0xc8 c:/devkitPro/libnds/lib\libnds9.a(interruptDispatcher.o)
                0x010000c8                IntrMain
 *itcm.*(.text)
                0x01000190                . = ALIGN (0x4)
                0x01000190                __itcm_end = <code 342> (.)

.sbss           0x0b000000        0x0
                0x0b000000                __sbss_start = <code 342> (.)
                0x0b000000                __sbss_start__ = <code 342> (.)
 *(.sbss)
                0x0b000000                . = ALIGN (0x4)
                0x0b000000                __sbss_end = <code 342> (.)
                0x02008360                __bss_lma = (__itcm_lma + SIZEOF (.itcm))
                0x02008360                __appended_data = (__itcm_lma + SIZEOF (.itcm))

.bss            0x02008360       0x90 load address 0x02008360
                0x02008360                __bss_start = <code 342> (.)
                0x02008360                __bss_start__ = <code 342> (.)
 *(.dynbss)
 *(.gnu.linkonce.b*)
 *(.bss*)
 .bss           0x02008360        0x0 c:/devkitpro/devkitarm/bin/../lib/gcc/arm-eabi/4.1.2/../../../../arm-eabi/lib/thumb/ds_arm9_crt0.o
 .bss           0x02008360        0x0 c:/devkitpro/devkitarm/bin/../lib/gcc/arm-eabi/4.1.2/thumb/crti.o
 .bss           0x02008360       0x1c c:/devkitpro/devkitarm/bin/../lib/gcc/arm-eabi/4.1.2/thumb/crtbegin.o
 .bss           0x0200837c        0x0 template.o
 .bss           0x0200837c       0x24 c:/devkitPro/libnds/lib\libnds9.a(console.o)
                0x0200837c                fontBold
 .bss           0x020083a0        0x0 c:/devkitPro/libnds/lib\libnds9.a(initSystem.o)
 .bss           0x020083a0        0x0 c:/devkitPro/libnds/lib\libnds9.a(touch.o)
 .bss           0x020083a0        0x0 c:/devkitPro/libnds/lib\libnds9.a(video.o)
 .bss           0x020083a0        0x0 c:/devkitPro/libnds/lib\libnds9.a(interrupts.o)
 .bss           0x020083a0        0x0 c:/devkitPro/libnds/lib\libnds9.a(biosCalls.o)
 .bss           0x020083a0        0x0 c:/devkitPro/libnds/lib\libnds9.a(interruptDispatcher.o)
 .bss           0x020083a0        0x0 c:/devkitPro/libnds/lib\libnds9.a(default_font.o)
 .bss           0x020083a0        0x0 c:/devkitpro/devkitarm/bin/../lib/gcc/arm-eabi/4.1.2/../../../../arm-eabi/lib/thumb\libg.a(lib_a-impure.o)
 .bss           0x020083a0        0x0 c:/devkitpro/devkitarm/bin/../lib/gcc/arm-eabi/4.1.2/../../../../arm-eabi/lib/thumb\libg.a(lib_a-init.o)
 .bss           0x020083a0        0x0 c:/devkitpro/devkitarm/bin/../lib/gcc/arm-eabi/4.1.2/../../../../arm-eabi/lib/thumb\libg.a(lib_a-iprintf.o)
 .bss           0x020083a0        0x0 c:/devkitpro/devkitarm/bin/../lib/gcc/arm-eabi/4.1.2/../../../../arm-eabi/lib/thumb\libg.a(lib_a-setvbuf.o)
 .bss           0x020083a0        0x0 c:/devkitpro/devkitarm/bin/../lib/gcc/arm-eabi/4.1.2/../../../../arm-eabi/lib/thumb\libg.a(lib_a-siscanf.o)
 .bss           0x020083a0        0x0 c:/devkitpro/devkitarm/bin/../lib/gcc/arm-eabi/4.1.2/../../../../arm-eabi/lib/thumb\libg.a(lib_a-strlen.o)
 .bss           0x020083a0        0x0 c:/devkitpro/devkitarm/bin/../lib/gcc/arm-eabi/4.1.2/../../../../arm-eabi/lib/thumb\libg.a(lib_a-vfiprintf.o)
 .bss           0x020083a0        0x0 c:/devkitpro/devkitarm/bin/../lib/gcc/arm-eabi/4.1.2/../../../../arm-eabi/lib/thumb\libg.a(lib_a-vfiscanf.o)
 .bss           0x020083a0        0x0 c:/devkitpro/devkitarm/bin/../lib/gcc/arm-eabi/4.1.2/../../../../arm-eabi/lib/thumb\libg.a(lib_a-wcrtomb.o)
 .bss           0x020083a0        0x0 c:/devkitpro/devkitarm/bin/../lib/gcc/arm-eabi/4.1.2/../../../../arm-eabi/lib/thumb\libg.a(lib_a-wcsrtombs.o)
 .bss           0x020083a0        0x0 c:/devkitpro/devkitarm/bin/../lib/gcc/arm-eabi/4.1.2/../../../../arm-eabi/lib/thumb\libg.a(lib_a-wctomb_r.o)
 .bss           0x020083a0        0x0 c:/devkitpro/devkitarm/bin/../lib/gcc/arm-eabi/4.1.2/../../../../arm-eabi/lib/thumb\libg.a(lib_a-wsetup.o)
 .bss           0x020083a0        0x0 c:/devkitpro/devkitarm/bin/../lib/gcc/arm-eabi/4.1.2/../../../../arm-eabi/lib/thumb\libg.a(lib_a-ctype_.o)
 .bss           0x020083a0        0x0 c:/devkitpro/devkitarm/bin/../lib/gcc/arm-eabi/4.1.2/../../../../arm-eabi/lib/thumb\libg.a(lib_a-fflush.o)
 .bss           0x020083a0        0x0 c:/devkitpro/devkitarm/bin/../lib/gcc/arm-eabi/4.1.2/../../../../arm-eabi/lib/thumb\libg.a(lib_a-findfp.o)
 .bss           0x020083a0        0x0 c:/devkitpro/devkitarm/bin/../lib/gcc/arm-eabi/4.1.2/../../../../arm-eabi/lib/thumb\libg.a(lib_a-fread.o)
 .bss           0x020083a0        0x0 c:/devkitpro/devkitarm/bin/../lib/gcc/arm-eabi/4.1.2/../../../../arm-eabi/lib/thumb\libg.a(lib_a-freer.o)
 .bss           0x020083a0        0x0 c:/devkitpro/devkitarm/bin/../lib/gcc/arm-eabi/4.1.2/../../../../arm-eabi/lib/thumb\libg.a(lib_a-fvwrite.o)
 .bss           0x020083a0        0x0 c:/devkitpro/devkitarm/bin/../lib/gcc/arm-eabi/4.1.2/../../../../arm-eabi/lib/thumb\libg.a(lib_a-fwalk.o)
 .bss           0x020083a0        0x0 c:/devkitpro/devkitarm/bin/../lib/gcc/arm-eabi/4.1.2/../../../../arm-eabi/lib/thumb\libg.a(lib_a-iswspace.o)
 .bss           0x020083a0        0xc c:/devkitpro/devkitarm/bin/../lib/gcc/arm-eabi/4.1.2/../../../../arm-eabi/lib/thumb\libg.a(lib_a-locale.o)
                0x020083a0                __nlocale_changed
                0x020083a4                __mlocale_changed
                0x020083a8                _PathLocale
 .bss           0x020083ac        0x0 c:/devkitpro/devkitarm/bin/../lib/gcc/arm-eabi/4.1.2/../../../../arm-eabi/lib/thumb\libg.a(lib_a-makebuf.o)
 .bss           0x020083ac        0x0 c:/devkitpro/devkitarm/bin/../lib/gcc/arm-eabi/4.1.2/../../../../arm-eabi/lib/thumb\libg.a(lib_a-malloc.o)
 .bss           0x020083ac       0x34 c:/devkitpro/devkitarm/bin/../lib/gcc/arm-eabi/4.1.2/../../../../arm-eabi/lib/thumb\libg.a(lib_a-mallocr.o)
                0x020083ac                __malloc_top_pad
                0x020083b0                __malloc_max_sbrked_mem
                0x020083b8                __malloc_current_mallinfo
                0x020083b4                __malloc_max_total_mem
 .bss           0x020083e0        0x0 c:/devkitpro/devkitarm/bin/../lib/gcc/arm-eabi/4.1.2/../../../../arm-eabi/lib/thumb\libg.a(lib_a-mbrtowc.o)
 .bss           0x020083e0        0x0 c:/devkitpro/devkitarm/bin/../lib/gcc/arm-eabi/4.1.2/../../../../arm-eabi/lib/thumb\libg.a(lib_a-mbtowc_r.o)
 .bss           0x020083e0        0x0 c:/devkitpro/devkitarm/bin/../lib/gcc/arm-eabi/4.1.2/../../../../arm-eabi/lib/thumb\libg.a(lib_a-memchr.o)
 .bss           0x020083e0        0x0 c:/devkitpro/devkitarm/bin/../lib/gcc/arm-eabi/4.1.2/../../../../arm-eabi/lib/thumb\libg.a(lib_a-memcpy.o)
 .bss           0x020083e0        0x0 c:/devkitpro/devkitarm/bin/../lib/gcc/arm-eabi/4.1.2/../../../../arm-eabi/lib/thumb\libg.a(lib_a-memmove.o)
 .bss           0x020083e0        0x0 c:/devkitpro/devkitarm/bin/../lib/gcc/arm-eabi/4.1.2/../../../../arm-eabi/lib/thumb\libg.a(lib_a-memset.o)
 .bss           0x020083e0        0x0 c:/devkitpro/devkitarm/bin/../lib/gcc/arm-eabi/4.1.2/../../../../arm-eabi/lib/thumb\libg.a(lib_a-mlock.o)
 .bss           0x020083e0        0x0 c:/devkitpro/devkitarm/bin/../lib/gcc/arm-eabi/4.1.2/../../../../arm-eabi/lib/thumb\libg.a(lib_a-reallocr.o)
 .bss           0x020083e0        0x0 c:/devkitpro/devkitarm/bin/../lib/gcc/arm-eabi/4.1.2/../../../../arm-eabi/lib/thumb\libg.a(lib_a-refill.o)
 .bss           0x020083e0        0x0 c:/devkitpro/devkitarm/bin/../lib/gcc/arm-eabi/4.1.2/../../../../arm-eabi/lib/thumb\libg.a(lib_a-sccl.o)
 .bss           0x020083e0        0x0 c:/devkitpro/devkitarm/bin/../lib/gcc/arm-eabi/4.1.2/../../../../arm-eabi/lib/thumb\libg.a(lib_a-stdio.o)
 .bss           0x020083e0        0x0 c:/devkitpro/devkitarm/bin/../lib/gcc/arm-eabi/4.1.2/../../../../arm-eabi/lib/thumb\libg.a(lib_a-strcmp.o)
 .bss           0x020083e0        0x0 c:/devkitpro/devkitarm/bin/../lib/gcc/arm-eabi/4.1.2/../../../../arm-eabi/lib/thumb\libg.a(lib_a-strtol.o)
 .bss           0x020083e0        0x0 c:/devkitpro/devkitarm/bin/../lib/gcc/arm-eabi/4.1.2/../../../../arm-eabi/lib/thumb\libg.a(lib_a-strtoul.o)
 .bss           0x020083e0        0x0 c:/devkitpro/devkitarm/bin/../lib/gcc/arm-eabi/4.1.2/../../../../arm-eabi/lib/thumb\libg.a(lib_a-ungetc.o)
 .bss           0x020083e0        0x0 c:/devkitpro/devkitarm/bin/../lib/gcc/arm-eabi/4.1.2/../../../../arm-eabi/lib/thumb\libg.a(lib_a-fclose.o)
 .bss           0x020083e0        0x0 c:/devkitpro/devkitarm/bin/../lib/gcc/arm-eabi/4.1.2/thumb\libgcc.a(_udivsi3.o)
 .bss           0x020083e0        0x0 c:/devkitpro/devkitarm/bin/../lib/gcc/arm-eabi/4.1.2/thumb\libgcc.a(_dvmd_tls.o)
 .bss           0x020083e0        0x0 c:/devkitpro/devkitarm/bin/../lib/gcc/arm-eabi/4.1.2/../../../../arm-eabi/lib/thumb\libsysbase.a(iosupport.o)
 .bss           0x020083e0        0x0 c:/devkitpro/devkitarm/bin/../lib/gcc/arm-eabi/4.1.2/../../../../arm-eabi/lib/thumb\libsysbase.a(close.o)
 .bss           0x020083e0        0x0 c:/devkitpro/devkitarm/bin/../lib/gcc/arm-eabi/4.1.2/../../../../arm-eabi/lib/thumb\libsysbase.a(fstat.o)
 .bss           0x020083e0        0x0 c:/devkitpro/devkitarm/bin/../lib/gcc/arm-eabi/4.1.2/../../../../arm-eabi/lib/thumb\libsysbase.a(isatty.o)
 .bss           0x020083e0        0x0 c:/devkitpro/devkitarm/bin/../lib/gcc/arm-eabi/4.1.2/../../../../arm-eabi/lib/thumb\libsysbase.a(lseek.o)
 .bss           0x020083e0        0x0 c:/devkitpro/devkitarm/bin/../lib/gcc/arm-eabi/4.1.2/../../../../arm-eabi/lib/thumb\libsysbase.a(read.o)
 .bss           0x020083e0        0x4 c:/devkitpro/devkitarm/bin/../lib/gcc/arm-eabi/4.1.2/../../../../arm-eabi/lib/thumb\libsysbase.a(sbrk.o)
 .bss           0x020083e4        0x0 c:/devkitpro/devkitarm/bin/../lib/gcc/arm-eabi/4.1.2/../../../../arm-eabi/lib/thumb\libsysbase.a(times.o)
 .bss           0x020083e4        0x0 c:/devkitpro/devkitarm/bin/../lib/gcc/arm-eabi/4.1.2/../../../../arm-eabi/lib/thumb\libsysbase.a(write.o)
 .bss           0x020083e4        0x8 c:/devkitpro/devkitarm/bin/../lib/gcc/arm-eabi/4.1.2/../../../../arm-eabi/lib/thumb\libsysbase.a(malloc_vars.o)
                0x020083e8                fake_heap_start
                0x020083e4                fake_heap_end
 .bss           0x020083ec        0x0 c:/devkitpro/devkitarm/bin/../lib/gcc/arm-eabi/4.1.2/../../../../arm-eabi/lib/thumb\libsysbase.a(build_argv.o)
 .bss           0x020083ec        0x0 c:/devkitpro/devkitarm/bin/../lib/gcc/arm-eabi/4.1.2/../../../../arm-eabi/lib/thumb\libc.a(lib_a-errno.o)
 .bss           0x020083ec        0x0 c:/devkitpro/devkitarm/bin/../lib/gcc/arm-eabi/4.1.2/../../../../arm-eabi/lib/thumb\libc.a(lib_a-strncmp.o)
 .bss           0x020083ec        0x0 c:/devkitpro/devkitarm/bin/../lib/gcc/arm-eabi/4.1.2/thumb/crtend.o
 .bss           0x020083ec        0x0 c:/devkitpro/devkitarm/bin/../lib/gcc/arm-eabi/4.1.2/thumb/crtn.o
 *(COMMON)
 COMMON         0x020083ec        0x4 c:/devkitpro/devkitarm/bin/../lib/gcc/arm-eabi/4.1.2/../../../../arm-eabi/lib/thumb\libsysbase.a(times.o)
                0x020083ec                punixTime
                0x020083f0                . = ALIGN (0x4)
                0x020083f0                __bss_end = <code 342> (.)
                0x020083f0                __bss_end__ = __bss_end
                0x020083f0                _end = .
                0x020083f0                __end__ = .
                0x020083f0                PROVIDE (end, _end)

.stab
 *(.stab)

.stabstr
 *(.stabstr)

.stab.excl
 *(.stab.excl)

.stab.exclstr
 *(.stab.exclstr)

.stab.index
 *(.stab.index)

.stab.indexstr
 *(.stab.indexstr)

.comment        0x00000000      0x9c5
 *(.comment)
 .comment       0x00000000       0x29 c:/devkitpro/devkitarm/bin/../lib/gcc/arm-eabi/4.1.2/thumb/crtbegin.o
 .comment       0x00000029       0x29 template.o
 .comment       0x00000052       0x29 c:/devkitPro/libnds/lib\libnds9.a(console.o)
 .comment       0x0000007b       0x29 c:/devkitPro/libnds/lib\libnds9.a(initSystem.o)
 .comment       0x000000a4       0x29 c:/devkitPro/libnds/lib\libnds9.a(touch.o)
 .comment       0x000000cd       0x29 c:/devkitPro/libnds/lib\libnds9.a(video.o)
 .comment       0x000000f6       0x29 c:/devkitPro/libnds/lib\libnds9.a(interrupts.o)
 .comment       0x0000011f       0x29 c:/devkitpro/devkitarm/bin/../lib/gcc/arm-eabi/4.1.2/../../../../arm-eabi/lib/thumb\libg.a(lib_a-impure.o)
 .comment       0x00000148       0x29 c:/devkitpro/devkitarm/bin/../lib/gcc/arm-eabi/4.1.2/../../../../arm-eabi/lib/thumb\libg.a(lib_a-init.o)
 .comment       0x00000171       0x29 c:/devkitpro/devkitarm/bin/../lib/gcc/arm-eabi/4.1.2/../../../../arm-eabi/lib/thumb\libg.a(lib_a-iprintf.o)
 .comment       0x0000019a       0x29 c:/devkitpro/devkitarm/bin/../lib/gcc/arm-eabi/4.1.2/../../../../arm-eabi/lib/thumb\libg.a(lib_a-setvbuf.o)
 .comment       0x000001c3       0x29 c:/devkitpro/devkitarm/bin/../lib/gcc/arm-eabi/4.1.2/../../../../arm-eabi/lib/thumb\libg.a(lib_a-siscanf.o)
 .comment       0x000001ec       0x29 c:/devkitpro/devkitarm/bin/../lib/gcc/arm-eabi/4.1.2/../../../../arm-eabi/lib/thumb\libg.a(lib_a-strlen.o)
 .comment       0x00000215       0x29 c:/devkitpro/devkitarm/bin/../lib/gcc/arm-eabi/4.1.2/../../../../arm-eabi/lib/thumb\libg.a(lib_a-vfiprintf.o)
 .comment       0x0000023e       0x29 c:/devkitpro/devkitarm/bin/../lib/gcc/arm-eabi/4.1.2/../../../../arm-eabi/lib/thumb\libg.a(lib_a-vfiscanf.o)
 .comment       0x00000267       0x29 c:/devkitpro/devkitarm/bin/../lib/gcc/arm-eabi/4.1.2/../../../../arm-eabi/lib/thumb\libg.a(lib_a-wcrtomb.o)
 .comment       0x00000290       0x29 c:/devkitpro/devkitarm/bin/../lib/gcc/arm-eabi/4.1.2/../../../../arm-eabi/lib/thumb\libg.a(lib_a-wcsrtombs.o)
 .comment       0x000002b9       0x29 c:/devkitpro/devkitarm/bin/../lib/gcc/arm-eabi/4.1.2/../../../../arm-eabi/lib/thumb\libg.a(lib_a-wctomb_r.o)
 .comment       0x000002e2       0x29 c:/devkitpro/devkitarm/bin/../lib/gcc/arm-eabi/4.1.2/../../../../arm-eabi/lib/thumb\libg.a(lib_a-wsetup.o)
 .comment       0x0000030b       0x29 c:/devkitpro/devkitarm/bin/../lib/gcc/arm-eabi/4.1.2/../../../../arm-eabi/lib/thumb\libg.a(lib_a-ctype_.o)
 .comment       0x00000334       0x29 c:/devkitpro/devkitarm/bin/../lib/gcc/arm-eabi/4.1.2/../../../../arm-eabi/lib/thumb\libg.a(lib_a-fflush.o)
 .comment       0x0000035d       0x29 c:/devkitpro/devkitarm/bin/../lib/gcc/arm-eabi/4.1.2/../../../../arm-eabi/lib/thumb\libg.a(lib_a-findfp.o)
 .comment       0x00000386       0x29 c:/devkitpro/devkitarm/bin/../lib/gcc/arm-eabi/4.1.2/../../../../arm-eabi/lib/thumb\libg.a(lib_a-fread.o)
 .comment       0x000003af       0x29 c:/devkitpro/devkitarm/bin/../lib/gcc/arm-eabi/4.1.2/../../../../arm-eabi/lib/thumb\libg.a(lib_a-freer.o)
 .comment       0x000003d8       0x29 c:/devkitpro/devkitarm/bin/../lib/gcc/arm-eabi/4.1.2/../../../../arm-eabi/lib/thumb\libg.a(lib_a-fvwrite.o)
 .comment       0x00000401       0x29 c:/devkitpro/devkitarm/bin/../lib/gcc/arm-eabi/4.1.2/../../../../arm-eabi/lib/thumb\libg.a(lib_a-fwalk.o)
 .comment       0x0000042a       0x29 c:/devkitpro/devkitarm/bin/../lib/gcc/arm-eabi/4.1.2/../../../../arm-eabi/lib/thumb\libg.a(lib_a-iswspace.o)
 .comment       0x00000453       0x29 c:/devkitpro/devkitarm/bin/../lib/gcc/arm-eabi/4.1.2/../../../../arm-eabi/lib/thumb\libg.a(lib_a-locale.o)
 .comment       0x0000047c       0x29 c:/devkitpro/devkitarm/bin/../lib/gcc/arm-eabi/4.1.2/../../../../arm-eabi/lib/thumb\libg.a(lib_a-makebuf.o)
 .comment       0x000004a5       0x29 c:/devkitpro/devkitarm/bin/../lib/gcc/arm-eabi/4.1.2/../../../../arm-eabi/lib/thumb\libg.a(lib_a-malloc.o)
 .comment       0x000004ce       0x29 c:/devkitpro/devkitarm/bin/../lib/gcc/arm-eabi/4.1.2/../../../../arm-eabi/lib/thumb\libg.a(lib_a-mallocr.o)
 .comment       0x000004f7       0x29 c:/devkitpro/devkitarm/bin/../lib/gcc/arm-eabi/4.1.2/../../../../arm-eabi/lib/thumb\libg.a(lib_a-mbrtowc.o)
 .comment       0x00000520       0x29 c:/devkitpro/devkitarm/bin/../lib/gcc/arm-eabi/4.1.2/../../../../arm-eabi/lib/thumb\libg.a(lib_a-mbtowc_r.o)
 .comment       0x00000549       0x29 c:/devkitpro/devkitarm/bin/../lib/gcc/arm-eabi/4.1.2/../../../../arm-eabi/lib/thumb\libg.a(lib_a-memchr.o)
 .comment       0x00000572       0x29 c:/devkitpro/devkitarm/bin/../lib/gcc/arm-eabi/4.1.2/../../../../arm-eabi/lib/thumb\libg.a(lib_a-memcpy.o)
 .comment       0x0000059b       0x29 c:/devkitpro/devkitarm/bin/../lib/gcc/arm-eabi/4.1.2/../../../../arm-eabi/lib/thumb\libg.a(lib_a-memmove.o)
 .comment       0x000005c4       0x29 c:/devkitpro/devkitarm/bin/../lib/gcc/arm-eabi/4.1.2/../../../../arm-eabi/lib/thumb\libg.a(lib_a-memset.o)
 .comment       0x000005ed       0x29 c:/devkitpro/devkitarm/bin/../lib/gcc/arm-eabi/4.1.2/../../../../arm-eabi/lib/thumb\libg.a(lib_a-mlock.o)
 .comment       0x00000616       0x29 c:/devkitpro/devkitarm/bin/../lib/gcc/arm-eabi/4.1.2/../../../../arm-eabi/lib/thumb\libg.a(lib_a-reallocr.o)
 .comment       0x0000063f       0x29 c:/devkitpro/devkitarm/bin/../lib/gcc/arm-eabi/4.1.2/../../../../arm-eabi/lib/thumb\libg.a(lib_a-refill.o)
 .comment       0x00000668       0x29 c:/devkitpro/devkitarm/bin/../lib/gcc/arm-eabi/4.1.2/../../../../arm-eabi/lib/thumb\libg.a(lib_a-sccl.o)
 .comment       0x00000691       0x29 c:/devkitpro/devkitarm/bin/../lib/gcc/arm-eabi/4.1.2/../../../../arm-eabi/lib/thumb\libg.a(lib_a-stdio.o)
 .comment       0x000006ba       0x29 c:/devkitpro/devkitarm/bin/../lib/gcc/arm-eabi/4.1.2/../../../../arm-eabi/lib/thumb\libg.a(lib_a-strcmp.o)
 .comment       0x000006e3       0x29 c:/devkitpro/devkitarm/bin/../lib/gcc/arm-eabi/4.1.2/../../../../arm-eabi/lib/thumb\libg.a(lib_a-strtol.o)
 .comment       0x0000070c       0x29 c:/devkitpro/devkitarm/bin/../lib/gcc/arm-eabi/4.1.2/../../../../arm-eabi/lib/thumb\libg.a(lib_a-strtoul.o)
 .comment       0x00000735       0x29 c:/devkitpro/devkitarm/bin/../lib/gcc/arm-eabi/4.1.2/../../../../arm-eabi/lib/thumb\libg.a(lib_a-ungetc.o)
 .comment       0x0000075e       0x29 c:/devkitpro/devkitarm/bin/../lib/gcc/arm-eabi/4.1.2/../../../../arm-eabi/lib/thumb\libg.a(lib_a-fclose.o)
 .comment       0x00000787       0x29 c:/devkitpro/devkitarm/bin/../lib/gcc/arm-eabi/4.1.2/../../../../arm-eabi/lib/thumb\libsysbase.a(iosupport.o)
 .comment       0x000007b0       0x29 c:/devkitpro/devkitarm/bin/../lib/gcc/arm-eabi/4.1.2/../../../../arm-eabi/lib/thumb\libsysbase.a(close.o)
 .comment       0x000007d9       0x29 c:/devkitpro/devkitarm/bin/../lib/gcc/arm-eabi/4.1.2/../../../../arm-eabi/lib/thumb\libsysbase.a(fstat.o)
 .comment       0x00000802       0x29 c:/devkitpro/devkitarm/bin/../lib/gcc/arm-eabi/4.1.2/../../../../arm-eabi/lib/thumb\libsysbase.a(isatty.o)
 .comment       0x0000082b       0x29 c:/devkitpro/devkitarm/bin/../lib/gcc/arm-eabi/4.1.2/../../../../arm-eabi/lib/thumb\libsysbase.a(lseek.o)
 .comment       0x00000854       0x29 c:/devkitpro/devkitarm/bin/../lib/gcc/arm-eabi/4.1.2/../../../../arm-eabi/lib/thumb\libsysbase.a(read.o)
 .comment       0x0000087d       0x29 c:/devkitpro/devkitarm/bin/../lib/gcc/arm-eabi/4.1.2/../../../../arm-eabi/lib/thumb\libsysbase.a(sbrk.o)
 .comment       0x000008a6       0x29 c:/devkitpro/devkitarm/bin/../lib/gcc/arm-eabi/4.1.2/../../../../arm-eabi/lib/thumb\libsysbase.a(times.o)
 .comment       0x000008cf       0x29 c:/devkitpro/devkitarm/bin/../lib/gcc/arm-eabi/4.1.2/../../../../arm-eabi/lib/thumb\libsysbase.a(write.o)
 .comment       0x000008f8       0x29 c:/devkitpro/devkitarm/bin/../lib/gcc/arm-eabi/4.1.2/../../../../arm-eabi/lib/thumb\libsysbase.a(malloc_vars.o)
 .comment       0x00000921       0x29 c:/devkitpro/devkitarm/bin/../lib/gcc/arm-eabi/4.1.2/../../../../arm-eabi/lib/thumb\libsysbase.a(build_argv.o)
 .comment       0x0000094a       0x29 c:/devkitpro/devkitarm/bin/../lib/gcc/arm-eabi/4.1.2/../../../../arm-eabi/lib/thumb\libc.a(lib_a-errno.o)
 .comment       0x00000973       0x29 c:/devkitpro/devkitarm/bin/../lib/gcc/arm-eabi/4.1.2/../../../../arm-eabi/lib/thumb\libc.a(lib_a-strncmp.o)
 .comment       0x0000099c       0x29 c:/devkitpro/devkitarm/bin/../lib/gcc/arm-eabi/4.1.2/thumb/crtend.o

.debug
 *(.debug)

.line
 *(.line)

.debug_srcinfo
 *(.debug_srcinfo)

.debug_sfnames
 *(.debug_sfnames)

.debug_aranges  0x00000000       0xc0
 *(.debug_aranges)
 .debug_aranges
                0x00000000       0x20 template.o
 .debug_aranges
                0x00000020       0x20 c:/devkitPro/libnds/lib\libnds9.a(console.o)
 .debug_aranges
                0x00000040       0x20 c:/devkitPro/libnds/lib\libnds9.a(initSystem.o)
 .debug_aranges
                0x00000060       0x20 c:/devkitPro/libnds/lib\libnds9.a(touch.o)
 .debug_aranges
                0x00000080       0x20 c:/devkitPro/libnds/lib\libnds9.a(video.o)
 .debug_aranges
                0x000000a0       0x20 c:/devkitPro/libnds/lib\libnds9.a(interrupts.o)

.debug_pubnames
                0x00000000      0x26e
 *(.debug_pubnames)
 .debug_pubnames
                0x00000000       0x1b template.o
 .debug_pubnames
                0x0000001b       0x9f c:/devkitPro/libnds/lib\libnds9.a(console.o)
 .debug_pubnames
                0x000000ba       0x21 c:/devkitPro/libnds/lib\libnds9.a(initSystem.o)
 .debug_pubnames
                0x000000db       0x22 c:/devkitPro/libnds/lib\libnds9.a(touch.o)
 .debug_pubnames
                0x000000fd       0xf1 c:/devkitPro/libnds/lib\libnds9.a(video.o)
 .debug_pubnames
                0x000001ee       0x80 c:/devkitPro/libnds/lib\libnds9.a(interrupts.o)

.debug_info     0x00000000     0x25e2
 *(.debug_info)
 .debug_info    0x00000000      0x24f template.o
 .debug_info    0x0000024f     0x1228 c:/devkitPro/libnds/lib\libnds9.a(console.o)
 .debug_info    0x00001477      0x54e c:/devkitPro/libnds/lib\libnds9.a(initSystem.o)
 .debug_info    0x000019c5      0x459 c:/devkitPro/libnds/lib\libnds9.a(touch.o)
 .debug_info    0x00001e1e      0x579 c:/devkitPro/libnds/lib\libnds9.a(video.o)
 .debug_info    0x00002397      0x24b c:/devkitPro/libnds/lib\libnds9.a(interrupts.o)

.debug_abbrev   0x00000000      0x8eb
 *(.debug_abbrev)
 .debug_abbrev  0x00000000       0xfa template.o
 .debug_abbrev  0x000000fa      0x34c c:/devkitPro/libnds/lib\libnds9.a(console.o)
 .debug_abbrev  0x00000446      0x1a5 c:/devkitPro/libnds/lib\libnds9.a(initSystem.o)
 .debug_abbrev  0x000005eb      0x10c c:/devkitPro/libnds/lib\libnds9.a(touch.o)
 .debug_abbrev  0x000006f7       0xbf c:/devkitPro/libnds/lib\libnds9.a(video.o)
 .debug_abbrev  0x000007b6      0x135 c:/devkitPro/libnds/lib\libnds9.a(interrupts.o)

.debug_line     0x00000000      0xaa9
 *(.debug_line)
 .debug_line    0x00000000      0x13e template.o
 .debug_line    0x0000013e      0x3a2 c:/devkitPro/libnds/lib\libnds9.a(console.o)
 .debug_line    0x000004e0      0x20b c:/devkitPro/libnds/lib\libnds9.a(initSystem.o)
 .debug_line    0x000006eb      0x103 c:/devkitPro/libnds/lib\libnds9.a(touch.o)
 .debug_line    0x000007ee      0x15e c:/devkitPro/libnds/lib\libnds9.a(video.o)
 .debug_line    0x0000094c      0x15d c:/devkitPro/libnds/lib\libnds9.a(interrupts.o)

.debug_frame    0x00000000      0x314
 *(.debug_frame)
 .debug_frame   0x00000000       0x30 template.o
 .debug_frame   0x00000030      0x108 c:/devkitPro/libnds/lib\libnds9.a(console.o)
 .debug_frame   0x00000138       0x28 c:/devkitPro/libnds/lib\libnds9.a(initSystem.o)
 .debug_frame   0x00000160       0x28 c:/devkitPro/libnds/lib\libnds9.a(touch.o)
 .debug_frame   0x00000188       0xdc c:/devkitPro/libnds/lib\libnds9.a(video.o)
 .debug_frame   0x00000264       0xb0 c:/devkitPro/libnds/lib\libnds9.a(interrupts.o)

.debug_str      0x00000000     0x14b1
 *(.debug_str)
 .debug_str     0x00000000      0x1dc template.o
                                0x223 (size before relaxing)
 .debug_str     0x000001dc      0x706 c:/devkitPro/libnds/lib\libnds9.a(console.o)
                                0x7f8 (size before relaxing)
 .debug_str     0x000008e2      0x194 c:/devkitPro/libnds/lib\libnds9.a(initSystem.o)
                                0x2f6 (size before relaxing)
 .debug_str     0x00000a76       0x46 c:/devkitPro/libnds/lib\libnds9.a(touch.o)
                                0x2c1 (size before relaxing)
 .debug_str     0x00000abc      0x932 c:/devkitPro/libnds/lib\libnds9.a(video.o)
                                0xa1e (size before relaxing)
 .debug_str     0x000013ee       0xc3 c:/devkitPro/libnds/lib\libnds9.a(interrupts.o)
                                0x1b4 (size before relaxing)

.debug_loc      0x00000000      0xa3c
 *(.debug_loc)
 .debug_loc     0x00000000       0x2b template.o
 .debug_loc     0x0000002b      0x762 c:/devkitPro/libnds/lib\libnds9.a(console.o)
 .debug_loc     0x0000078d       0x32 c:/devkitPro/libnds/lib\libnds9.a(initSystem.o)
 .debug_loc     0x000007bf       0x1f c:/devkitPro/libnds/lib\libnds9.a(touch.o)
 .debug_loc     0x000007de      0x129 c:/devkitPro/libnds/lib\libnds9.a(video.o)
 .debug_loc     0x00000907      0x135 c:/devkitPro/libnds/lib\libnds9.a(interrupts.o)

.debug_macinfo
 *(.debug_macinfo)

.debug_weaknames
 *(.debug_weaknames)

.debug_funcnames
 *(.debug_funcnames)

.debug_typenames
 *(.debug_typenames)

.debug_varnames
 *(.debug_varnames)

.stack          0x00080000        0x0
                0x00080000                _stack = .
 *(.stack)
LOAD c:/devkitpro/devkitarm/bin/../lib/gcc/arm-eabi/4.1.2/../../../../arm-eabi/lib/thumb/ds_arm9_crt0.o
LOAD c:/devkitpro/devkitarm/bin/../lib/gcc/arm-eabi/4.1.2/thumb/crti.o
LOAD c:/devkitpro/devkitarm/bin/../lib/gcc/arm-eabi/4.1.2/thumb/crtbegin.o
LOAD template.o
LOAD c:/devkitPro/libnds/lib\libnds9.a
START GROUP
LOAD c:/devkitpro/devkitarm/bin/../lib/gcc/arm-eabi/4.1.2/thumb\libgcc.a
LOAD c:/devkitpro/devkitarm/bin/../lib/gcc/arm-eabi/4.1.2/../../../../arm-eabi/lib/thumb\libg.a
LOAD c:/devkitpro/devkitarm/bin/../lib/gcc/arm-eabi/4.1.2/../../../../arm-eabi/lib/thumb\libc.a
END GROUP
START GROUP
LOAD c:/devkitpro/devkitarm/bin/../lib/gcc/arm-eabi/4.1.2/../../../../arm-eabi/lib/thumb\libsysbase.a
LOAD c:/devkitpro/devkitarm/bin/../lib/gcc/arm-eabi/4.1.2/../../../../arm-eabi/lib/thumb\libc.a
END GROUP
LOAD c:/devkitpro/devkitarm/bin/../lib/gcc/arm-eabi/4.1.2/thumb/crtend.o
LOAD c:/devkitpro/devkitarm/bin/../lib/gcc/arm-eabi/4.1.2/thumb/crtn.o
OUTPUT(d:/rui/Work/DSProjects/Coisinhas/Coisinhas/Coisinhas.elf elf32-littlearm)

.ARM.attributes
                0x00000000       0x10
 .ARM.attributes
                0x00000000       0x1f c:/devkitpro/devkitarm/bin/../lib/gcc/arm-eabi/4.1.2/../../../../arm-eabi/lib/thumb/ds_arm9_crt0.o
 .ARM.attributes
                0x0000001f       0x1e c:/devkitpro/devkitarm/bin/../lib/gcc/arm-eabi/4.1.2/thumb/crti.o
 .ARM.attributes
                0x0000003d       0x1e c:/devkitpro/devkitarm/bin/../lib/gcc/arm-eabi/4.1.2/thumb/crtbegin.o
 .ARM.attributes
                0x0000005b       0x19 template.o
 .ARM.attributes
                0x00000074       0x19 c:/devkitPro/libnds/lib\libnds9.a(console.o)
 .ARM.attributes
                0x0000008d       0x19 c:/devkitPro/libnds/lib\libnds9.a(initSystem.o)
 .ARM.attributes
                0x000000a6       0x19 c:/devkitPro/libnds/lib\libnds9.a(touch.o)
 .ARM.attributes
                0x000000bf       0x19 c:/devkitPro/libnds/lib\libnds9.a(video.o)
 .ARM.attributes
                0x000000d8       0x19 c:/devkitPro/libnds/lib\libnds9.a(interrupts.o)
 .ARM.attributes
                0x000000f1       0x19 c:/devkitPro/libnds/lib\libnds9.a(biosCalls.o)
 .ARM.attributes
                0x0000010a       0x19 c:/devkitPro/libnds/lib\libnds9.a(interruptDispatcher.o)
 .ARM.attributes
                0x00000123       0x10 c:/devkitPro/libnds/lib\libnds9.a(default_font.o)
 .ARM.attributes
                0x00000133       0x1c c:/devkitpro/devkitarm/bin/../lib/gcc/arm-eabi/4.1.2/../../../../arm-eabi/lib/thumb\libg.a(lib_a-impure.o)
 .ARM.attributes
                0x0000014f       0x1e c:/devkitpro/devkitarm/bin/../lib/gcc/arm-eabi/4.1.2/../../../../arm-eabi/lib/thumb\libg.a(lib_a-init.o)
 .ARM.attributes
                0x0000016d       0x1e c:/devkitpro/devkitarm/bin/../lib/gcc/arm-eabi/4.1.2/../../../../arm-eabi/lib/thumb\libg.a(lib_a-iprintf.o)
 .ARM.attributes
                0x0000018b       0x1e c:/devkitpro/devkitarm/bin/../lib/gcc/arm-eabi/4.1.2/../../../../arm-eabi/lib/thumb\libg.a(lib_a-setvbuf.o)
 .ARM.attributes
                0x000001a9       0x1e c:/devkitpro/devkitarm/bin/../lib/gcc/arm-eabi/4.1.2/../../../../arm-eabi/lib/thumb\libg.a(lib_a-siscanf.o)
 .ARM.attributes
                0x000001c7       0x1e c:/devkitpro/devkitarm/bin/../lib/gcc/arm-eabi/4.1.2/../../../../arm-eabi/lib/thumb\libg.a(lib_a-strlen.o)
 .ARM.attributes
                0x000001e5       0x1e c:/devkitpro/devkitarm/bin/../lib/gcc/arm-eabi/4.1.2/../../../../arm-eabi/lib/thumb\libg.a(lib_a-vfiprintf.o)
 .ARM.attributes
                0x00000203       0x1e c:/devkitpro/devkitarm/bin/../lib/gcc/arm-eabi/4.1.2/../../../../arm-eabi/lib/thumb\libg.a(lib_a-vfiscanf.o)
 .ARM.attributes
                0x00000221       0x1e c:/devkitpro/devkitarm/bin/../lib/gcc/arm-eabi/4.1.2/../../../../arm-eabi/lib/thumb\libg.a(lib_a-wcrtomb.o)
 .ARM.attributes
                0x0000023f       0x1e c:/devkitpro/devkitarm/bin/../lib/gcc/arm-eabi/4.1.2/../../../../arm-eabi/lib/thumb\libg.a(lib_a-wcsrtombs.o)
 .ARM.attributes
                0x0000025d       0x1e c:/devkitpro/devkitarm/bin/../lib/gcc/arm-eabi/4.1.2/../../../../arm-eabi/lib/thumb\libg.a(lib_a-wctomb_r.o)
 .ARM.attributes
                0x0000027b       0x1e c:/devkitpro/devkitarm/bin/../lib/gcc/arm-eabi/4.1.2/../../../../arm-eabi/lib/thumb\libg.a(lib_a-wsetup.o)
 .ARM.attributes
                0x00000299       0x1c c:/devkitpro/devkitarm/bin/../lib/gcc/arm-eabi/4.1.2/../../../../arm-eabi/lib/thumb\libg.a(lib_a-ctype_.o)
 .ARM.attributes
                0x000002b5       0x1e c:/devkitpro/devkitarm/bin/../lib/gcc/arm-eabi/4.1.2/../../../../arm-eabi/lib/thumb\libg.a(lib_a-fflush.o)
 .ARM.attributes
                0x000002d3       0x1e c:/devkitpro/devkitarm/bin/../lib/gcc/arm-eabi/4.1.2/../../../../arm-eabi/lib/thumb\libg.a(lib_a-findfp.o)
 .ARM.attributes
                0x000002f1       0x1e c:/devkitpro/devkitarm/bin/../lib/gcc/arm-eabi/4.1.2/../../../../arm-eabi/lib/thumb\libg.a(lib_a-fread.o)
 .ARM.attributes
                0x0000030f       0x1e c:/devkitpro/devkitarm/bin/../lib/gcc/arm-eabi/4.1.2/../../../../arm-eabi/lib/thumb\libg.a(lib_a-freer.o)
 .ARM.attributes
                0x0000032d       0x1e c:/devkitpro/devkitarm/bin/../lib/gcc/arm-eabi/4.1.2/../../../../arm-eabi/lib/thumb\libg.a(lib_a-fvwrite.o)
 .ARM.attributes
                0x0000034b       0x1e c:/devkitpro/devkitarm/bin/../lib/gcc/arm-eabi/4.1.2/../../../../arm-eabi/lib/thumb\libg.a(lib_a-fwalk.o)
 .ARM.attributes
                0x00000369       0x1e c:/devkitpro/devkitarm/bin/../lib/gcc/arm-eabi/4.1.2/../../../../arm-eabi/lib/thumb\libg.a(lib_a-iswspace.o)
 .ARM.attributes
                0x00000387       0x1e c:/devkitpro/devkitarm/bin/../lib/gcc/arm-eabi/4.1.2/../../../../arm-eabi/lib/thumb\libg.a(lib_a-locale.o)
 .ARM.attributes
                0x000003a5       0x1e c:/devkitpro/devkitarm/bin/../lib/gcc/arm-eabi/4.1.2/../../../../arm-eabi/lib/thumb\libg.a(lib_a-makebuf.o)
 .ARM.attributes
                0x000003c3       0x1e c:/devkitpro/devkitarm/bin/../lib/gcc/arm-eabi/4.1.2/../../../../arm-eabi/lib/thumb\libg.a(lib_a-malloc.o)
 .ARM.attributes
                0x000003e1       0x1e c:/devkitpro/devkitarm/bin/../lib/gcc/arm-eabi/4.1.2/../../../../arm-eabi/lib/thumb\libg.a(lib_a-mallocr.o)
 .ARM.attributes
                0x000003ff       0x1e c:/devkitpro/devkitarm/bin/../lib/gcc/arm-eabi/4.1.2/../../../../arm-eabi/lib/thumb\libg.a(lib_a-mbrtowc.o)
 .ARM.attributes
                0x0000041d       0x1e c:/devkitpro/devkitarm/bin/../lib/gcc/arm-eabi/4.1.2/../../../../arm-eabi/lib/thumb\libg.a(lib_a-mbtowc_r.o)
 .ARM.attributes
                0x0000043b       0x1e c:/devkitpro/devkitarm/bin/../lib/gcc/arm-eabi/4.1.2/../../../../arm-eabi/lib/thumb\libg.a(lib_a-memchr.o)
 .ARM.attributes
                0x00000459       0x1e c:/devkitpro/devkitarm/bin/../lib/gcc/arm-eabi/4.1.2/../../../../arm-eabi/lib/thumb\libg.a(lib_a-memcpy.o)
 .ARM.attributes
                0x00000477       0x1e c:/devkitpro/devkitarm/bin/../lib/gcc/arm-eabi/4.1.2/../../../../arm-eabi/lib/thumb\libg.a(lib_a-memmove.o)
 .ARM.attributes
                0x00000495       0x1e c:/devkitpro/devkitarm/bin/../lib/gcc/arm-eabi/4.1.2/../../../../arm-eabi/lib/thumb\libg.a(lib_a-memset.o)
 .ARM.attributes
                0x000004b3       0x1e c:/devkitpro/devkitarm/bin/../lib/gcc/arm-eabi/4.1.2/../../../../arm-eabi/lib/thumb\libg.a(lib_a-mlock.o)
 .ARM.attributes
                0x000004d1       0x1e c:/devkitpro/devkitarm/bin/../lib/gcc/arm-eabi/4.1.2/../../../../arm-eabi/lib/thumb\libg.a(lib_a-reallocr.o)
 .ARM.attributes
                0x000004ef       0x1e c:/devkitpro/devkitarm/bin/../lib/gcc/arm-eabi/4.1.2/../../../../arm-eabi/lib/thumb\libg.a(lib_a-refill.o)
 .ARM.attributes
                0x0000050d       0x1e c:/devkitpro/devkitarm/bin/../lib/gcc/arm-eabi/4.1.2/../../../../arm-eabi/lib/thumb\libg.a(lib_a-sccl.o)
 .ARM.attributes
                0x0000052b       0x1e c:/devkitpro/devkitarm/bin/../lib/gcc/arm-eabi/4.1.2/../../../../arm-eabi/lib/thumb\libg.a(lib_a-stdio.o)
 .ARM.attributes
                0x00000549       0x1e c:/devkitpro/devkitarm/bin/../lib/gcc/arm-eabi/4.1.2/../../../../arm-eabi/lib/thumb\libg.a(lib_a-strcmp.o)
 .ARM.attributes
                0x00000567       0x1e c:/devkitpro/devkitarm/bin/../lib/gcc/arm-eabi/4.1.2/../../../../arm-eabi/lib/thumb\libg.a(lib_a-strtol.o)
 .ARM.attributes
                0x00000585       0x1e c:/devkitpro/devkitarm/bin/../lib/gcc/arm-eabi/4.1.2/../../../../arm-eabi/lib/thumb\libg.a(lib_a-strtoul.o)
 .ARM.attributes
                0x000005a3       0x1e c:/devkitpro/devkitarm/bin/../lib/gcc/arm-eabi/4.1.2/../../../../arm-eabi/lib/thumb\libg.a(lib_a-ungetc.o)
 .ARM.attributes
                0x000005c1       0x1e c:/devkitpro/devkitarm/bin/../lib/gcc/arm-eabi/4.1.2/../../../../arm-eabi/lib/thumb\libg.a(lib_a-fclose.o)
 .ARM.attributes
                0x000005df       0x1e c:/devkitpro/devkitarm/bin/../lib/gcc/arm-eabi/4.1.2/thumb\libgcc.a(_udivsi3.o)
 .ARM.attributes
                0x000005fd       0x1e c:/devkitpro/devkitarm/bin/../lib/gcc/arm-eabi/4.1.2/thumb\libgcc.a(_dvmd_tls.o)
 .ARM.attributes
                0x0000061b       0x1e c:/devkitpro/devkitarm/bin/../lib/gcc/arm-eabi/4.1.2/../../../../arm-eabi/lib/thumb\libsysbase.a(iosupport.o)
 .ARM.attributes
                0x00000639       0x1e c:/devkitpro/devkitarm/bin/../lib/gcc/arm-eabi/4.1.2/../../../../arm-eabi/lib/thumb\libsysbase.a(close.o)
 .ARM.attributes
                0x00000657       0x1e c:/devkitpro/devkitarm/bin/../lib/gcc/arm-eabi/4.1.2/../../../../arm-eabi/lib/thumb\libsysbase.a(fstat.o)
 .ARM.attributes
                0x00000675       0x1e c:/devkitpro/devkitarm/bin/../lib/gcc/arm-eabi/4.1.2/../../../../arm-eabi/lib/thumb\libsysbase.a(isatty.o)
 .ARM.attributes
                0x00000693       0x1e c:/devkitpro/devkitarm/bin/../lib/gcc/arm-eabi/4.1.2/../../../../arm-eabi/lib/thumb\libsysbase.a(lseek.o)
 .ARM.attributes
                0x000006b1       0x1e c:/devkitpro/devkitarm/bin/../lib/gcc/arm-eabi/4.1.2/../../../../arm-eabi/lib/thumb\libsysbase.a(read.o)
 .ARM.attributes
                0x000006cf       0x1e c:/devkitpro/devkitarm/bin/../lib/gcc/arm-eabi/4.1.2/../../../../arm-eabi/lib/thumb\libsysbase.a(sbrk.o)
 .ARM.attributes
                0x000006ed       0x1e c:/devkitpro/devkitarm/bin/../lib/gcc/arm-eabi/4.1.2/../../../../arm-eabi/lib/thumb\libsysbase.a(times.o)
 .ARM.attributes
                0x0000070b       0x1e c:/devkitpro/devkitarm/bin/../lib/gcc/arm-eabi/4.1.2/../../../../arm-eabi/lib/thumb\libsysbase.a(write.o)
 .ARM.attributes
                0x00000729       0x1c c:/devkitpro/devkitarm/bin/../lib/gcc/arm-eabi/4.1.2/../../../../arm-eabi/lib/thumb\libsysbase.a(malloc_vars.o)
 .ARM.attributes
                0x00000745       0x1e c:/devkitpro/devkitarm/bin/../lib/gcc/arm-eabi/4.1.2/../../../../arm-eabi/lib/thumb\libsysbase.a(build_argv.o)
 .ARM.attributes
                0x00000763       0x1e c:/devkitpro/devkitarm/bin/../lib/gcc/arm-eabi/4.1.2/../../../../arm-eabi/lib/thumb\libc.a(lib_a-errno.o)
 .ARM.attributes
                0x00000781       0x1e c:/devkitpro/devkitarm/bin/../lib/gcc/arm-eabi/4.1.2/../../../../arm-eabi/lib/thumb\libc.a(lib_a-strncmp.o)
 .ARM.attributes
                0x0000079f       0x1c c:/devkitpro/devkitarm/bin/../lib/gcc/arm-eabi/4.1.2/thumb/crtend.o
 .ARM.attributes
                0x000007bb       0x1e c:/devkitpro/devkitarm/bin/../lib/gcc/arm-eabi/4.1.2/thumb/crtn.o

.debug_ranges   0x00000000       0xb8
 .debug_ranges  0x00000000       0x88 c:/devkitPro/libnds/lib\libnds9.a(console.o)
 .debug_ranges  0x00000088       0x30 c:/devkitPro/libnds/lib\libnds9.a(initSystem.o)
